<html>
<body>
<pre>
<h1>µVision Build Log</h1>
<h2>Tool Versions:</h2>
IDE-Version: µVision V5.33.0.0
Copyright (C) 2020 ARM Ltd and ARM Germany GmbH. All rights reserved.
License Information: aaaa aaaaa, aaaaa, LIC=----
 
Tool Versions:
Toolchain:       MDK-Lite  Version: 5.33.0.0
Toolchain Path:  C:\Keil_v5\ARM\ARMCC\Bin
C Compiler:      Armcc.exe V5.06 update 7 (build 960)
Assembler:       Armasm.exe V5.06 update 7 (build 960)
Linker/Locator:  ArmLink.exe V5.06 update 7 (build 960)
Library Manager: ArmAr.exe V5.06 update 7 (build 960)
Hex Converter:   FromElf.exe V5.06 update 7 (build 960)
CPU DLL:         SARMCM3.DLL V5.33.0.0
Dialog DLL:      DARMP1.DLL V1.27.0.0
Target DLL:      Segger\JL2CM3.dll V2.99.38.0
Dialog DLL:      TARMP1.DLL V1.26.0.0
 
<h2>Project:</h2>
C:\Users\rklt4620\Downloads\architecture_Pong_Erwan_LE-FORESTIER\Project\Project.uvproj
Project File Date:  06/09/2021

<h2>Output:</h2>
*** Using Compiler 'V5.06 update 7 (build 960)', folder: 'C:\Keil_v5\ARM\ARMCC\Bin'
Rebuild target 'Open1786'
assembling startup_LPC17xx.s...
compiling system_LPC17xx.c...
compiling core_cm3.c...
compiling lpc17xx_clkpwr.c...
compiling lpc17xx_gpio.c...
compiling lpc17xx_pinsel.c...
compiling lpc17xx_timer.c...
..\Libraries\LCP1768_StdPeriph_Driver\source\lpc17xx_timer.c(115): warning:  #68-D: integer conversion resulted in a change of sign
        uint32_t tnum = -1;
..\Libraries\LCP1768_StdPeriph_Driver\source\lpc17xx_timer.c: 1 warning, 0 errors
compiling lpc17xx_exti.c...
compiling lpc17xx_nvic.c...
compiling lpc17xx_ssp.c...
compiling lpc17xx_i2c.c...
..\Libraries\LCP1768_StdPeriph_Driver\source\lpc17xx_i2c.c(598): warning:  #188-D: enumerated type mixed with another type
                                I2C_IntCmd(I2Cx, 0);
..\Libraries\LCP1768_StdPeriph_Driver\source\lpc17xx_i2c.c(695): warning:  #188-D: enumerated type mixed with another type
                I2C_IntCmd(I2Cx, 0);
..\Libraries\LCP1768_StdPeriph_Driver\source\lpc17xx_i2c.c(702): warning:  #188-D: enumerated type mixed with another type
                                I2C_IntCmd(I2Cx, 1);
..\Libraries\LCP1768_StdPeriph_Driver\source\lpc17xx_i2c.c(750): warning:  #188-D: enumerated type mixed with another type
                I2C_IntCmd(I2Cx, 0);
..\Libraries\LCP1768_StdPeriph_Driver\source\lpc17xx_i2c.c(902): warning:  #188-D: enumerated type mixed with another type
                                        CodeStatus = I2C_GetByte(I2Cx, &tmp, 1);
..\Libraries\LCP1768_StdPeriph_Driver\source\lpc17xx_i2c.c(915): warning:  #188-D: enumerated type mixed with another type
                                        CodeStatus = I2C_GetByte(I2Cx, &tmp, 0);
..\Libraries\LCP1768_StdPeriph_Driver\source\lpc17xx_i2c.c(952): warning:  #188-D: enumerated type mixed with another type
                I2C_IntCmd(I2Cx, 1);
..\Libraries\LCP1768_StdPeriph_Driver\source\lpc17xx_i2c.c(1162): warning:  #188-D: enumerated type mixed with another type
                I2C_IntCmd(I2Cx, 1);
..\Libraries\LCP1768_StdPeriph_Driver\source\lpc17xx_i2c.c(1186): warning:  #186-D: pointless comparison of unsigned integer with zero
        CHECK_PARAM(PARAM_I2C_SLAVEADDR_CH(OwnSlaveAddrConfigStruct->SlaveAddrChannel));
..\Libraries\LCP1768_StdPeriph_Driver\source\lpc17xx_i2c.c: 9 warnings, 0 errors
compiling main.c...
..\User\affichagelcd.h(9): warning:  #1-D: last line of file ends without a newline
   
..\User\pong/pong.h(40): warning:  #1295-D: Deprecated declaration initGame - give arg types
        void initGame();
..\User\timer0.h(5): warning:  #1-D: last line of file ends without a newline
  #endif
..\User\timer1.h(5): warning:  #1-D: last line of file ends without a newline
  #endif
..\User\main.c(55): warning:  #223-D: function "init_i2c_eeprom" declared implicitly
                init_i2c_eeprom(); // init memory
..\User\main.c: 5 warnings, 0 errors
compiling ili_lcd_general.c...
compiling lcd_api.c...
compiling english_16x8.c...
compiling affichagelcd.c...
compiling touch_panel.c...
..\User\touch\touch_panel.c(17): warning:  #177-D: variable "touch_data_tx"  was declared but never referenced
      uint8_t touch_data_tx[BUF_SIZE];
..\User\touch\touch_panel.c: 1 warning, 0 errors
compiling pong.c...
..\User\affichagelcd.h(9): warning:  #1-D: last line of file ends without a newline
   
..\User\pong\pong.c(53): warning:  #223-D: function "i2c_eeprom_read" declared implicitly
        i2c_eeprom_read(1020,&scoreLeftString[0], sizeof(scoreLeftString));
..\User\pong\pong.c(169): warning:  #223-D: function "writeScoreInMemory" declared implicitly
        writeScoreInMemory();
..\User\pong\pong.c(307): warning:  #223-D: function "TIM_Cmd" declared implicitly
                TIM_Cmd(LPC_TIM0, DISABLE); //disable timer 0 (no ball movement)
..\User\pong\pong.c(317): warning:  #167-D: argument of type "uint8_t *" is incompatible with parameter of type "char *restrict"
        sprintf(scoreLeftString, "%d", playerLeft_score); 
..\User\pong\pong.c(318): warning:  #167-D: argument of type "uint8_t *" is incompatible with parameter of type "char *restrict"
        sprintf(scoreRightString, "%d", playerRight_score);
..\User\pong\pong.c(321): warning:  #223-D: function "i2c_eeprom_write" declared implicitly
        i2c_eeprom_write(1040, &scoreRightString[0], sizeof(scoreRightString)+1);
..\User\pong\pong.c(323): warning:  #1-D: last line of file ends without a newline
  }
..\User\pong\pong.c: 8 warnings, 0 errors
compiling timer0.c...
..\User\affichagelcd.h(9): warning:  #1-D: last line of file ends without a newline
   
..\User\timer0.c(36): warning:  #1-D: last line of file ends without a newline
  }
..\User\timer0.c: 2 warnings, 0 errors
compiling timer1.c...
..\User\affichagelcd.h(9): warning:  #1-D: last line of file ends without a newline
   
..\User\timer1.c(35): warning:  #1-D: last line of file ends without a newline
  }
..\User\timer1.c: 2 warnings, 0 errors
compiling memory.c...
..\User\memory.c(69): warning:  #1-D: last line of file ends without a newline
  }
..\User\memory.c: 1 warning, 0 errors
linking...
Program Size: Code=27920 RO-data=2480 RW-data=96 ZI-data=912  
FromELF: creating hex file...
".\Output\Project.axf" - 0 Error(s), 29 Warning(s).
Build Time Elapsed:  00:00:05
</pre>
</body>
</html>
