Component: ARM Compiler 5.06 update 7 (build 960) Tool: armlink [4d3601]

==============================================================================

Section Cross References

    startup_lpc17xx.o(STACK) refers (Special) to heapauxi.o(.text) for __use_two_region_memory
    startup_lpc17xx.o(HEAP) refers (Special) to heapauxi.o(.text) for __use_two_region_memory
    startup_lpc17xx.o(RESET) refers (Special) to heapauxi.o(.text) for __use_two_region_memory
    startup_lpc17xx.o(RESET) refers to startup_lpc17xx.o(STACK) for __initial_sp
    startup_lpc17xx.o(RESET) refers to startup_lpc17xx.o(.text) for Reset_Handler
    startup_lpc17xx.o(RESET) refers to timer0.o(.text) for TIMER0_IRQHandler
    startup_lpc17xx.o(RESET) refers to timer1.o(.text) for TIMER1_IRQHandler
    startup_lpc17xx.o(.ARM.__at_0x02FC) refers (Special) to heapauxi.o(.text) for __use_two_region_memory
    startup_lpc17xx.o(.text) refers (Special) to heapauxi.o(.text) for __use_two_region_memory
    startup_lpc17xx.o(.text) refers to system_lpc17xx.o(.text) for SystemInit
    startup_lpc17xx.o(.text) refers to __main.o(!!!main) for __main
    startup_lpc17xx.o(.text) refers to startup_lpc17xx.o(HEAP) for Heap_Mem
    startup_lpc17xx.o(.text) refers to startup_lpc17xx.o(STACK) for Stack_Mem
    system_lpc17xx.o(.text) refers to system_lpc17xx.o(.data) for SystemCoreClock
    lpc17xx_clkpwr.o(.text) refers to system_lpc17xx.o(.data) for SystemCoreClock
    lpc17xx_timer.o(.text) refers to lpc17xx_clkpwr.o(.text) for CLKPWR_GetPCLK
    lpc17xx_timer.o(.text) refers to lludivv7m.o(.text) for __aeabi_uldivmod
    lpc17xx_timer.o(.text) refers to main.o(.text) for check_failed
    lpc17xx_ssp.o(.text) refers to main.o(.text) for check_failed
    lpc17xx_ssp.o(.text) refers to lpc17xx_clkpwr.o(.text) for CLKPWR_GetPCLK
    lpc17xx_i2c.o(.text) refers to main.o(.text) for check_failed
    lpc17xx_i2c.o(.text) refers to lpc17xx_clkpwr.o(.text) for CLKPWR_GetPCLK
    lpc17xx_i2c.o(.text) refers to lpc17xx_i2c.o(.bss) for i2cdat
    lpc17xx_i2c.o(.text) refers to lpc17xx_i2c.o(.data) for I2C_MonitorBufferIndex
    main.o(.text) refers to lpc17xx_pinsel.o(.text) for PINSEL_ConfigPin
    main.o(.text) refers to touch_panel.o(.text) for touch_init
    main.o(.text) refers to ili_lcd_general.o(.text) for lcd_Initialization
    main.o(.text) refers to memory.o(.text) for init_i2c_eeprom
    main.o(.text) refers to pong.o(.text) for initGame
    main.o(.text) refers to timer0.o(.text) for timer0_setup
    main.o(.text) refers to timer1.o(.text) for timer1_setup
    main.o(.text) refers to lpc17xx_timer.o(.text) for TIM_Cmd
    main.o(.text) refers to main.o(.data) for flag_new_score
    ili_lcd_general.o(.text) refers to lpc17xx_gpio.o(.text) for FIO_SetDir
    ili_lcd_general.o(.text) refers to ili_lcd_general.o(i.write_cmd) for write_cmd
    ili_lcd_general.o(.text) refers to ili_lcd_general.o(i.lcd_send) for lcd_send
    ili_lcd_general.o(.text) refers to ili_lcd_general.o(i.wait_delay) for wait_delay
    ili_lcd_general.o(.text) refers to ili_lcd_general.o(i.write_reg) for write_reg
    ili_lcd_general.o(.text) refers to ili_lcd_general.o(i.read_data) for read_data
    ili_lcd_general.o(.text) refers to ili_lcd_general.o(.data) for deviceid
    lcd_api.o(.text) refers to ili_lcd_general.o(.text) for lcd_SetCursor
    lcd_api.o(.text) refers to english_16x8.o(.constdata) for english
    affichagelcd.o(.text) refers to ili_lcd_general.o(.text) for lcd_SetCursor
    touch_panel.o(.text) refers to _printf_pad.o(.text) for _printf_pre_padding
    touch_panel.o(.text) refers to _printf_percent.o(.ARM.Collect$$_printf_percent$$00000000) for _printf_percent
    touch_panel.o(.text) refers to _printf_d.o(.ARM.Collect$$_printf_percent$$00000009) for _printf_d
    touch_panel.o(.text) refers to _printf_dec.o(.text) for _printf_int_dec
    touch_panel.o(.text) refers to lpc17xx_ssp.o(.text) for SSP_ReadWrite
    touch_panel.o(.text) refers to lpc17xx_pinsel.o(.text) for PINSEL_ConfigPin
    touch_panel.o(.text) refers to lpc17xx_gpio.o(.text) for GPIO_SetDir
    touch_panel.o(.text) refers to noretval__2sprintf.o(.text) for __2sprintf
    touch_panel.o(.text) refers to lcd_api.o(.text) for LCD_write_english_string
    touch_panel.o(.text) refers to touch_panel.o(.bss) for LCDSPI1Data
    touch_panel.o(.text) refers to main.o(.data) for touch_x
    pong.o(.text) refers to _printf_percent.o(.ARM.Collect$$_printf_percent$$00000000) for _printf_percent
    pong.o(.text) refers to _printf_d.o(.ARM.Collect$$_printf_percent$$00000009) for _printf_d
    pong.o(.text) refers to _printf_dec.o(.text) for _printf_int_dec
    pong.o(.text) refers to _scanf_int.o(.text) for _scanf_int
    pong.o(.text) refers to affichagelcd.o(.text) for dessiner_rect
    pong.o(.text) refers to noretval__2snprintf.o(.text) for __2snprintf
    pong.o(.text) refers to lcd_api.o(.text) for LCD_write_english_string
[...]
    ..\Libraries\LCP1768_StdPeriph_Driver\source\lpc17xx_nvic.c 0x00000000   Number         0  lpc17xx_nvic.o ABSOLUTE
    ..\Libraries\LCP1768_StdPeriph_Driver\source\lpc17xx_pinsel.c 0x00000000   Number         0  lpc17xx_pinsel.o ABSOLUTE
    ..\Libraries\LCP1768_StdPeriph_Driver\source\lpc17xx_ssp.c 0x00000000   Number         0  lpc17xx_ssp.o ABSOLUTE
    ..\Libraries\LCP1768_StdPeriph_Driver\source\lpc17xx_timer.c 0x00000000   Number         0  lpc17xx_timer.o ABSOLUTE
    ..\User\affichagelcd.c                   0x00000000   Number         0  affichagelcd.o ABSOLUTE
    ..\User\main.c                           0x00000000   Number         0  main.o ABSOLUTE
    ..\User\memory.c                         0x00000000   Number         0  memory.o ABSOLUTE
    ..\User\pong\pong.c                      0x00000000   Number         0  pong.o ABSOLUTE
    ..\User\timer0.c                         0x00000000   Number         0  timer0.o ABSOLUTE
    ..\User\timer1.c                         0x00000000   Number         0  timer1.o ABSOLUTE
    ..\User\touch\english_16x8.c             0x00000000   Number         0  english_16x8.o ABSOLUTE
    ..\User\touch\ili_lcd_general.c          0x00000000   Number         0  ili_lcd_general.o ABSOLUTE
    ..\User\touch\lcd_api.c                  0x00000000   Number         0  lcd_api.o ABSOLUTE
    ..\User\touch\touch_panel.c              0x00000000   Number         0  touch_panel.o ABSOLUTE
    ..\\Libraries\\CM3\\DeviceSupport\\NXP\\LPC17xx\\system_LPC17xx.c 0x00000000   Number         0  system_lpc17xx.o ABSOLUTE
    ..\\Libraries\\LCP1768_StdPeriph_Driver\\source\\lpc17xx_clkpwr.c 0x00000000   Number         0  lpc17xx_clkpwr.o ABSOLUTE
    ..\\Libraries\\LCP1768_StdPeriph_Driver\\source\\lpc17xx_exti.c 0x00000000   Number         0  lpc17xx_exti.o ABSOLUTE
    ..\\Libraries\\LCP1768_StdPeriph_Driver\\source\\lpc17xx_gpio.c 0x00000000   Number         0  lpc17xx_gpio.o ABSOLUTE
    ..\\Libraries\\LCP1768_StdPeriph_Driver\\source\\lpc17xx_i2c.c 0x00000000   Number         0  lpc17xx_i2c.o ABSOLUTE
    ..\\Libraries\\LCP1768_StdPeriph_Driver\\source\\lpc17xx_nvic.c 0x00000000   Number         0  lpc17xx_nvic.o ABSOLUTE
    ..\\Libraries\\LCP1768_StdPeriph_Driver\\source\\lpc17xx_pinsel.c 0x00000000   Number         0  lpc17xx_pinsel.o ABSOLUTE
    ..\\Libraries\\LCP1768_StdPeriph_Driver\\source\\lpc17xx_ssp.c 0x00000000   Number         0  lpc17xx_ssp.o ABSOLUTE
    ..\\Libraries\\LCP1768_StdPeriph_Driver\\source\\lpc17xx_timer.c 0x00000000   Number         0  lpc17xx_timer.o ABSOLUTE
    ..\\User\\affichagelcd.c                 0x00000000   Number         0  affichagelcd.o ABSOLUTE
    ..\\User\\main.c                         0x00000000   Number         0  main.o ABSOLUTE
    ..\\User\\memory.c                       0x00000000   Number         0  memory.o ABSOLUTE
    ..\\User\\pong\\pong.c                   0x00000000   Number         0  pong.o ABSOLUTE
    ..\\User\\timer0.c                       0x00000000   Number         0  timer0.o ABSOLUTE
    ..\\User\\timer1.c                       0x00000000   Number         0  timer1.o ABSOLUTE
    ..\\User\\touch\\ili_lcd_general.c       0x00000000   Number         0  ili_lcd_general.o ABSOLUTE
    ..\\User\\touch\\lcd_api.c               0x00000000   Number         0  lcd_api.o ABSOLUTE
    ..\\User\\touch\\touch_panel.c           0x00000000   Number         0  touch_panel.o ABSOLUTE
    dc.s                                     0x00000000   Number         0  dc.o ABSOLUTE
    !!!main                                  0x000000cc   Section        8  __main.o(!!!main)
    !!!scatter                               0x000000d4   Section       52  __scatter.o(!!!scatter)
    !!handler_copy                           0x00000108   Section       26  __scatter_copy.o(!!handler_copy)
    !!handler_zi                             0x00000124   Section       28  __scatter_zi.o(!!handler_zi)
    .ARM.Collect$$_printf_percent$$00000000  0x00000140   Section        0  _printf_percent.o(.ARM.Collect$$_printf_percent$$00000000)
    .ARM.Collect$$_printf_percent$$00000009  0x00000140   Section        6  _printf_d.o(.ARM.Collect$$_printf_percent$$00000009)
    .ARM.Collect$$_printf_percent$$00000017  0x00000146   Section        4  _printf_percent_end.o(.ARM.Collect$$_printf_percent$$00000017)
    .ARM.Collect$$libinit$$00000000          0x0000014a   Section        2  libinit.o(.ARM.Collect$$libinit$$00000000)
    .ARM.Collect$$libinit$$00000002          0x0000014c   Section        0  libinit2.o(.ARM.Collect$$libinit$$00000002)
    .ARM.Collect$$libinit$$00000004          0x0000014c   Section        0  libinit2.o(.ARM.Collect$$libinit$$00000004)
    .ARM.Collect$$libinit$$0000000A          0x0000014c   Section        0  libinit2.o(.ARM.Collect$$libinit$$0000000A)
    .ARM.Collect$$libinit$$0000000C          0x0000014c   Section        0  libinit2.o(.ARM.Collect$$libinit$$0000000C)
    .ARM.Collect$$libinit$$0000000D          0x0000014c   Section        4  libinit2.o(.ARM.Collect$$libinit$$0000000D)
    .ARM.Collect$$libinit$$0000000E          0x00000150   Section        0  libinit2.o(.ARM.Collect$$libinit$$0000000E)
    .ARM.Collect$$libinit$$0000000F          0x00000150   Section        6  libinit2.o(.ARM.Collect$$libinit$$0000000F)
    .ARM.Collect$$libinit$$00000011          0x00000156   Section        0  libinit2.o(.ARM.Collect$$libinit$$00000011)
    .ARM.Collect$$libinit$$00000012          0x00000156   Section       12  libinit2.o(.ARM.Collect$$libinit$$00000012)
    .ARM.Collect$$libinit$$00000013          0x00000162   Section        0  libinit2.o(.ARM.Collect$$libinit$$00000013)
    .ARM.Collect$$libinit$$00000015          0x00000162   Section        0  libinit2.o(.ARM.Collect$$libinit$$00000015)
    .ARM.Collect$$libinit$$00000017          0x00000162   Section        0  libinit2.o(.ARM.Collect$$libinit$$00000017)
    .ARM.Collect$$libinit$$00000019          0x00000162   Section        0  libinit2.o(.ARM.Collect$$libinit$$00000019)
    .ARM.Collect$$libinit$$0000001B          0x00000162   Section        0  libinit2.o(.ARM.Collect$$libinit$$0000001B)
    .ARM.Collect$$libinit$$0000001D          0x00000162   Section        0  libinit2.o(.ARM.Collect$$libinit$$0000001D)
    .ARM.Collect$$libinit$$0000001F          0x00000162   Section        0  libinit2.o(.ARM.Collect$$libinit$$0000001F)
    .ARM.Collect$$libinit$$00000021          0x00000162   Section        0  libinit2.o(.ARM.Collect$$libinit$$00000021)
    .ARM.Collect$$libinit$$00000023          0x00000162   Section        0  libinit2.o(.ARM.Collect$$libinit$$00000023)
    .ARM.Collect$$libinit$$00000025          0x00000162   Section        0  libinit2.o(.ARM.Collect$$libinit$$00000025)
    .ARM.Collect$$libinit$$0000002C          0x00000162   Section        0  libinit2.o(.ARM.Collect$$libinit$$0000002C)
    .ARM.Collect$$libinit$$0000002E          0x00000162   Section        0  libinit2.o(.ARM.Collect$$libinit$$0000002E)
    .ARM.Collect$$libinit$$00000030          0x00000162   Section        0  libinit2.o(.ARM.Collect$$libinit$$00000030)
    .ARM.Collect$$libinit$$00000032          0x00000162   Section        0  libinit2.o(.ARM.Collect$$libinit$$00000032)
    .ARM.Collect$$libinit$$00000033          0x00000162   Section        2  libinit2.o(.ARM.Collect$$libinit$$00000033)
    .ARM.Collect$$libshutdown$$00000000      0x00000164   Section        2  libshutdown.o(.ARM.Collect$$libshutdown$$00000000)
    .ARM.Collect$$libshutdown$$00000002      0x00000166   Section        0  libshutdown2.o(.ARM.Collect$$libshutdown$$00000002)
    .ARM.Collect$$libshutdown$$00000004      0x00000166   Section        0  libshutdown2.o(.ARM.Collect$$libshutdown$$00000004)
    .ARM.Collect$$libshutdown$$00000006      0x00000166   Section        0  libshutdown2.o(.ARM.Collect$$libshutdown$$00000006)
    .ARM.Collect$$libshutdown$$00000009      0x00000166   Section        0  libshutdown2.o(.ARM.Collect$$libshutdown$$00000009)
    .ARM.Collect$$libshutdown$$0000000C      0x00000166   Section        0  libshutdown2.o(.ARM.Collect$$libshutdown$$0000000C)
    .ARM.Collect$$libshutdown$$0000000E      0x00000166   Section        0  libshutdown2.o(.ARM.Collect$$libshutdown$$0000000E)
    .ARM.Collect$$libshutdown$$00000011      0x00000166   Section        0  libshutdown2.o(.ARM.Collect$$libshutdown$$00000011)
    .ARM.Collect$$libshutdown$$00000012      0x00000166   Section        2  libshutdown2.o(.ARM.Collect$$libshutdown$$00000012)
    .ARM.Collect$$rtentry$$00000000          0x00000168   Section        0  __rtentry.o(.ARM.Collect$$rtentry$$00000000)
    .ARM.Collect$$rtentry$$00000002          0x00000168   Section        0  __rtentry2.o(.ARM.Collect$$rtentry$$00000002)
    .ARM.Collect$$rtentry$$00000004          0x00000168   Section        6  __rtentry4.o(.ARM.Collect$$rtentry$$00000004)
    .ARM.Collect$$rtentry$$00000009          0x0000016e   Section        0  __rtentry2.o(.ARM.Collect$$rtentry$$00000009)
    .ARM.Collect$$rtentry$$0000000A          0x0000016e   Section        4  __rtentry2.o(.ARM.Collect$$rtentry$$0000000A)
    .ARM.Collect$$rtentry$$0000000C          0x00000172   Section        0  __rtentry2.o(.ARM.Collect$$rtentry$$0000000C)
    .ARM.Collect$$rtentry$$0000000D          0x00000172   Section        8  __rtentry2.o(.ARM.Collect$$rtentry$$0000000D)
    .ARM.Collect$$rtexit$$00000000           0x0000017a   Section        2  rtexit.o(.ARM.Collect$$rtexit$$00000000)
    .ARM.Collect$$rtexit$$00000002           0x0000017c   Section        0  rtexit2.o(.ARM.Collect$$rtexit$$00000002)
    .ARM.Collect$$rtexit$$00000003           0x0000017c   Section        4  rtexit2.o(.ARM.Collect$$rtexit$$00000003)
    .ARM.Collect$$rtexit$$00000004           0x00000180   Section        6  rtexit2.o(.ARM.Collect$$rtexit$$00000004)
    .emb_text                                0x00000188   Section       52  rand.o(.emb_text)
    .text                                    0x000001bc   Section       60  startup_lpc17xx.o(.text)
    .text                                    0x000001f8   Section        0  lpc17xx_pinsel.o(.text)
    set_PinFunc                              0x000001f9   Thumb Code    60  lpc17xx_pinsel.o(.text)
    set_ResistorMode                         0x00000235   Thumb Code    62  lpc17xx_pinsel.o(.text)
    set_OpenDrainMode                        0x00000273   Thumb Code    44  lpc17xx_pinsel.o(.text)
    .text                                    0x000002f8   Section        2  use_no_semi.o(.text)
    .text                                    0x000002fa   Section        0  indicate_semi.o(.text)
    x$fpl$usenofp                            0x000002fa   Section        0  usenofp.o(x$fpl$usenofp)
    .ARM.__at_0x02FC                         0x000002fc   Section        4  startup_lpc17xx.o(.ARM.__at_0x02FC)
    .text                                    0x00000300   Section        0  system_lpc17xx.o(.text)
    .text                                    0x00000580   Section        0  lpc17xx_clkpwr.o(.text)
    .text                                    0x000006c0   Section        0  lpc17xx_gpio.o(.text)
    GPIO_GetPointer                          0x000006c1   Thumb Code    52  lpc17xx_gpio.o(.text)
    FIO_HalfWordGetPointer                   0x000006f5   Thumb Code    52  lpc17xx_gpio.o(.text)
    FIO_ByteGetPointer                       0x00000729   Thumb Code    52  lpc17xx_gpio.o(.text)
    .text                                    0x00000acc   Section        0  lpc17xx_timer.o(.text)
    getPClock                                0x00000acd   Thumb Code    66  lpc17xx_timer.o(.text)
    converUSecToVal                          0x00000b0f   Thumb Code    50  lpc17xx_timer.o(.text)
    converPtrToTimeNum                       0x00000b41   Thumb Code    46  lpc17xx_timer.o(.text)
    .text                                    0x00001150   Section        0  lpc17xx_ssp.o(.text)
    setSSPclock                              0x00001151   Thumb Code   130  lpc17xx_ssp.o(.text)
    .text                                    0x00001820   Section        0  lpc17xx_i2c.o(.text)
    I2C_getNum                               0x00001821   Thumb Code    38  lpc17xx_i2c.o(.text)
    I2C_Start                                0x00001847   Thumb Code    34  lpc17xx_i2c.o(.text)
    I2C_Stop                                 0x00001869   Thumb Code    22  lpc17xx_i2c.o(.text)
    I2C_SendByte                             0x0000187f   Thumb Code    42  lpc17xx_i2c.o(.text)
    I2C_GetByte                              0x000018a9   Thumb Code    44  lpc17xx_i2c.o(.text)
    I2C_SetClock                             0x000018d5   Thumb Code    98  lpc17xx_i2c.o(.text)
    NVIC_EnableIRQ                           0x00002381   Thumb Code    22  lpc17xx_i2c.o(.text)
    NVIC_DisableIRQ                          0x00002397   Thumb Code    18  lpc17xx_i2c.o(.text)
    .text                                    0x000023c8   Section        0  main.o(.text)
    .text                                    0x0000249c   Section        0  ili_lcd_general.o(.text)
    delay                                    0x0000249d   Thumb Code    14  ili_lcd_general.o(.text)
    lcd_port_init                            0x000024ab   Thumb Code    48  ili_lcd_general.o(.text)
    .text                                    0x00002fb0   Section        0  lcd_api.o(.text)
    .text                                    0x00003060   Section        0  affichagelcd.o(.text)
    .text                                    0x00003150   Section        0  touch_panel.o(.text)
    .text                                    0x00003528   Section        0  pong.o(.text)
    .text                                    0x000040a0   Section        0  timer0.o(.text)
    .text                                    0x00004108   Section        0  timer1.o(.text)
    .text                                    0x0000416c   Section        0  memory.o(.text)
    .text                                    0x0000421c   Section      238  lludivv7m.o(.text)
    .text                                    0x0000430c   Section        0  noretval__2sprintf.o(.text)
    .text                                    0x00004334   Section        0  noretval__2snprintf.o(.text)
    .text                                    0x00004368   Section        0  _printf_pad.o(.text)
    .text                                    0x000043b8   Section        0  _printf_dec.o(.text)
    .text                                    0x00004430   Section        0  __printf_flags_wp.o(.text)
    .text                                    0x00004568   Section        0  __0sscanf.o(.text)
    .text                                    0x000045a4   Section        0  _scanf_int.o(.text)
    .text                                    0x000046f0   Section        0  rand.o(.text)
    .text                                    0x0000472c   Section        0  heapauxi.o(.text)
    .text                                    0x00004732   Section        0  _rserrno.o(.text)
    .text                                    0x00004748   Section        0  _printf_intcommon.o(.text)
    .text                                    0x000047fc   Section        0  _printf_char_common.o(.text)
    _printf_input_char                       0x000047fd   Thumb Code    10  _printf_char_common.o(.text)
    .text                                    0x0000482c   Section        0  _sputc.o(.text)
    .text                                    0x00004836   Section        0  _snputc.o(.text)
    .text                                    0x00004846   Section        0  _chval.o(.text)
    .text                                    0x00004864   Section        0  scanf_char.o(.text)
    _scanf_char_input                        0x00004865   Thumb Code    12  scanf_char.o(.text)
    .text                                    0x00004890   Section        0  _sgetc.o(.text)
    .text                                    0x000048d0   Section        8  rt_errno_addr_intlibspace.o(.text)
    .text                                    0x000048d8   Section        0  isspace.o(.text)
    .text                                    0x000048ec   Section        0  _scanf.o(.text)
    .text                                    0x00004c60   Section        8  libspace.o(.text)
    .text                                    0x00004c68   Section       74  sys_stackheap_outer.o(.text)
    .text                                    0x00004cb4   Section       16  rt_ctype_table.o(.text)
    .text                                    0x00004cc4   Section        0  exit.o(.text)
    .text                                    0x00004cd8   Section        8  rt_locale_intlibspace.o(.text)
    .text                                    0x00004ce0   Section        0  sys_exit.o(.text)
    .text                                    0x00004cec   Section      128  strcmpv7m.o(.text)
    i.__ARM_fpclassify                       0x00004d6c   Section        0  fpclassify.o(i.__ARM_fpclassify)
    i.__ieee754_rem_pio2                     0x00004d94   Section        0  rred.o(i.__ieee754_rem_pio2)
    i.__kernel_cos                           0x0000511c   Section        0  cos_i.o(i.__kernel_cos)
    i.__kernel_poly                          0x00005218   Section        0  poly.o(i.__kernel_poly)
    i.__kernel_sin                           0x000052c4   Section        0  sin_i.o(i.__kernel_sin)
    i.__mathlib_dbl_divzero                  0x000053b0   Section        0  dunder.o(i.__mathlib_dbl_divzero)
    i.__mathlib_dbl_infnan                   0x000053c0   Section        0  dunder.o(i.__mathlib_dbl_infnan)
    i.__mathlib_dbl_infnan2                  0x000053c6   Section        0  dunder.o(i.__mathlib_dbl_infnan2)
    i.__mathlib_dbl_invalid                  0x000053ca   Section        0  dunder.o(i.__mathlib_dbl_invalid)
    i.__mathlib_dbl_overflow                 0x000053d6   Section        0  dunder.o(i.__mathlib_dbl_overflow)
    i.__mathlib_dbl_underflow                0x000053e4   Section        0  dunder.o(i.__mathlib_dbl_underflow)
    i._is_digit                              0x000053f4   Section        0  __printf_wp.o(i._is_digit)
    i.ceil                                   0x00005404   Section        0  ceil.o(i.ceil)
    i.cos                                    0x000054e0   Section        0  cos.o(i.cos)
    i.lcd_send                               0x0000557c   Section        0  ili_lcd_general.o(i.lcd_send)
    i.pow                                    0x000055a8   Section        0  pow.o(i.pow)
    i.read_data                              0x00005f80   Section        0  ili_lcd_general.o(i.read_data)
    i.sin                                    0x00005ff8   Section        0  sin.o(i.sin)
    i.sqrt                                   0x00006098   Section        0  sqrt.o(i.sqrt)
    i.wait_delay                             0x000060e4   Section        0  ili_lcd_general.o(i.wait_delay)
    i.write_cmd                              0x000060f8   Section        0  ili_lcd_general.o(i.write_cmd)
    i.write_reg                              0x00006138   Section        0  ili_lcd_general.o(i.write_reg)
    locale$$code                             0x0000614c   Section       44  lc_ctype_c.o(locale$$code)
    x$fpl$dadd                               0x00006178   Section      336  daddsub_clz.o(x$fpl$dadd)
    _dadd1                                   0x00006189   Thumb Code     0  daddsub_clz.o(x$fpl$dadd)
    x$fpl$dcheck1                            0x000062c8   Section       16  dcheck1.o(x$fpl$dcheck1)
    x$fpl$dcmpinf                            0x000062d8   Section       24  dcmpi.o(x$fpl$dcmpinf)
    x$fpl$ddiv                               0x000062f0   Section      688  ddiv.o(x$fpl$ddiv)
    ddiv_entry                               0x000062f7   Thumb Code     0  ddiv.o(x$fpl$ddiv)
    x$fpl$dfix                               0x000065a0   Section       94  dfix.o(x$fpl$dfix)
    x$fpl$dflt                               0x000065fe   Section       46  dflt_clz.o(x$fpl$dflt)
    x$fpl$dfltu                              0x0000662c   Section       38  dflt_clz.o(x$fpl$dfltu)
    x$fpl$dleqf                              0x00006654   Section      120  dleqf.o(x$fpl$dleqf)
    x$fpl$dmul                               0x000066cc   Section      340  dmul.o(x$fpl$dmul)
    x$fpl$dnaninf                            0x00006820   Section      156  dnaninf.o(x$fpl$dnaninf)
    x$fpl$dretinf                            0x000068bc   Section       12  dretinf.o(x$fpl$dretinf)
    x$fpl$drleqf                             0x000068c8   Section      108  drleqf.o(x$fpl$drleqf)
    x$fpl$drsb                               0x00006934   Section       22  daddsub_clz.o(x$fpl$drsb)
    x$fpl$dsqrt                              0x0000694c   Section      460  dsqrt_noumaal.o(x$fpl$dsqrt)
    x$fpl$dsub                               0x00006b18   Section      468  daddsub_clz.o(x$fpl$dsub)
    _dsub1                                   0x00006b29   Thumb Code     0  daddsub_clz.o(x$fpl$dsub)
    x$fpl$retnan                             0x00006cec   Section      100  retnan.o(x$fpl$retnan)
    x$fpl$scalbn                             0x00006d50   Section       92  scalbn.o(x$fpl$scalbn)
    x$fpl$trapveneer                         0x00006dac   Section       48  trapv.o(x$fpl$trapveneer)
    .constdata                               0x00006ddc   Section     1520  english_16x8.o(.constdata)
    .constdata                               0x000073cc   Section       17  __printf_flags_wp.o(.constdata)
    maptable                                 0x000073cc   Data          17  __printf_flags_wp.o(.constdata)
    .constdata                               0x000073e0   Section      136  pow.o(.constdata)
    bp                                       0x000073e0   Data          16  pow.o(.constdata)
    dp_h                                     0x000073f0   Data          16  pow.o(.constdata)
    dp_l                                     0x00007400   Data          16  pow.o(.constdata)
    L                                        0x00007410   Data          48  pow.o(.constdata)
    P                                        0x00007440   Data          40  pow.o(.constdata)
    .constdata                               0x00007468   Section       48  cos_i.o(.constdata)
    C                                        0x00007468   Data          48  cos_i.o(.constdata)
    .constdata                               0x00007498   Section        8  qnan.o(.constdata)
    .constdata                               0x000074a0   Section      200  rred.o(.constdata)
    pio2s                                    0x000074a0   Data          48  rred.o(.constdata)
    twooverpi                                0x000074d0   Data         152  rred.o(.constdata)
    .constdata                               0x00007568   Section       40  sin_i.o(.constdata)
    S                                        0x00007568   Data          40  sin_i.o(.constdata)
    locale$$data                             0x000075b0   Section      272  lc_ctype_c.o(locale$$data)
    __lcctype_c_name                         0x000075b4   Data           2  lc_ctype_c.o(locale$$data)
    __lcctype_c_start                        0x000075bc   Data           0  lc_ctype_c.o(locale$$data)
    __lcctype_c_end                          0x000076c0   Data           0  lc_ctype_c.o(locale$$data)
    .data                                    0x10000000   Section        4  system_lpc17xx.o(.data)
    .data                                    0x10000004   Section        4  lpc17xx_i2c.o(.data)
    I2C_MonitorBufferIndex                   0x10000004   Data           4  lpc17xx_i2c.o(.data)
    .data                                    0x10000008   Section       84  main.o(.data)
    .data                                    0x1000005c   Section        2  ili_lcd_general.o(.data)
    deviceid                                 0x1000005c   Data           2  ili_lcd_general.o(.data)
    .bss                                     0x10000060   Section       48  lpc17xx_i2c.o(.bss)
    i2cdat                                   0x10000060   Data          24  lpc17xx_i2c.o(.bss)
    I2C_SlaveComplete                        0x10000084   Data          12  lpc17xx_i2c.o(.bss)
    .bss                                     0x10000090   Section       24  touch_panel.o(.bss)
    .bss                                     0x100000a8   Section      228  rand.o(.bss)
    .bss                                     0x1000018c   Section       96  libspace.o(.bss)
    HEAP                                     0x100001f0   Section        0  startup_lpc17xx.o(HEAP)
    STACK                                    0x100001f0   Section      512  startup_lpc17xx.o(STACK)
    Heap_Mem                                 0x100001f0   Data           0  startup_lpc17xx.o(HEAP)
    Stack_Mem                                0x100001f0   Data         512  startup_lpc17xx.o(STACK)
    __initial_sp                             0x100003f0   Data           0  startup_lpc17xx.o(STACK)

    Global Symbols

    Symbol Name                              Value     Ov Type        Size  Object(Section)

    BuildAttributes$$THM_ISAv4$P$D$K$B$S$PE$A:L22UL41UL21$X:L11$S22US41US21$IEEE1$IW$USESV6$~STKCKD$USESV7$ENUMINT$~SHL$OTIME$ROPI$IEEEX$EBA8$UX$STANDARDLIB$REQ8$PRES8$EABIv2 0x00000000   Number         0  anon$$obj.o ABSOLUTE
    __ARM_use_no_argv                        0x00000000   Number         0  main.o ABSOLUTE
    __Vectors                                0x00000000   Data           4  startup_lpc17xx.o(RESET)
    _printf_flags                            0x00000000   Number         0  printf_stubs.o ABSOLUTE
    _printf_return_value                     0x00000000   Number         0  printf_stubs.o ABSOLUTE
    _printf_sizespec                         0x00000000   Number         0  printf_stubs.o ABSOLUTE
    _printf_widthprec                        0x00000000   Number         0  printf_stubs.o ABSOLUTE
    __ARM_exceptions_init                     - Undefined Weak Reference
    __alloca_initialize                       - Undefined Weak Reference
    __arm_fini_                               - Undefined Weak Reference
    __arm_preinit_                            - Undefined Weak Reference
    __cpp_initialize__aeabi_                  - Undefined Weak Reference
    __cxa_finalize                            - Undefined Weak Reference
    __sigvec_lookup                           - Undefined Weak Reference
    _atexit_init                              - Undefined Weak Reference
    _call_atexit_fns                          - Undefined Weak Reference
    _clock_init                               - Undefined Weak Reference
    _fp_trap_init                             - Undefined Weak Reference
    _fp_trap_shutdown                         - Undefined Weak Reference
    _get_lc_collate                           - Undefined Weak Reference
    _get_lc_monetary                          - Undefined Weak Reference
    _get_lc_numeric                           - Undefined Weak Reference
    _get_lc_time                              - Undefined Weak Reference
    _getenv_init                              - Undefined Weak Reference
    _handle_redirection                       - Undefined Weak Reference
    _init_alloc                               - Undefined Weak Reference
    _init_user_alloc                          - Undefined Weak Reference
    _initio                                   - Undefined Weak Reference
    _printf_truncate_signed                   - Undefined Weak Reference
    _printf_truncate_unsigned                 - Undefined Weak Reference
    _scanf_longlong                           - Undefined Weak Reference
    _scanf_mbtowc                             - Undefined Weak Reference
    _scanf_real                               - Undefined Weak Reference
    _scanf_string                             - Undefined Weak Reference
    _scanf_wctomb                             - Undefined Weak Reference
    _scanf_wstring                            - Undefined Weak Reference
    _signal_finish                            - Undefined Weak Reference
    _signal_init                              - Undefined Weak Reference
    _terminate_alloc                          - Undefined Weak Reference
    _terminate_user_alloc                     - Undefined Weak Reference
    _terminateio                              - Undefined Weak Reference
    __main                                   0x000000cd   Thumb Code     8  __main.o(!!!main)
    __scatterload                            0x000000d5   Thumb Code     0  __scatter.o(!!!scatter)
    __scatterload_rt2                        0x000000d5   Thumb Code    44  __scatter.o(!!!scatter)
    __scatterload_rt2_thumb_only             0x000000d5   Thumb Code     0  __scatter.o(!!!scatter)
    __scatterload_null                       0x000000e3   Thumb Code     0  __scatter.o(!!!scatter)
    __scatterload_copy                       0x00000109   Thumb Code    26  __scatter_copy.o(!!handler_copy)
    __scatterload_zeroinit                   0x00000125   Thumb Code    28  __scatter_zi.o(!!handler_zi)
    _printf_d                                0x00000141   Thumb Code     0  _printf_d.o(.ARM.Collect$$_printf_percent$$00000009)
    _printf_percent                          0x00000141   Thumb Code     0  _printf_percent.o(.ARM.Collect$$_printf_percent$$00000000)
    _printf_percent_end                      0x00000147   Thumb Code     0  _printf_percent_end.o(.ARM.Collect$$_printf_percent$$00000017)
    __rt_lib_init                            0x0000014b   Thumb Code     0  libinit.o(.ARM.Collect$$libinit$$00000000)
    __rt_lib_init_fp_1                       0x0000014d   Thumb Code     0  libinit2.o(.ARM.Collect$$libinit$$00000002)
    __rt_lib_init_heap_1                     0x0000014d   Thumb Code     0  libinit2.o(.ARM.Collect$$libinit$$0000000A)
    __rt_lib_init_preinit_1                  0x0000014d   Thumb Code     0  libinit2.o(.ARM.Collect$$libinit$$00000004)
    __rt_lib_init_rand_2                     0x0000014d   Thumb Code     0  libinit2.o(.ARM.Collect$$libinit$$0000000D)
    __rt_lib_init_user_alloc_1               0x0000014d   Thumb Code     0  libinit2.o(.ARM.Collect$$libinit$$0000000C)
    __rt_lib_init_lc_common                  0x00000151   Thumb Code     0  libinit2.o(.ARM.Collect$$libinit$$0000000F)
    __rt_lib_init_rand_1                     0x00000151   Thumb Code     0  libinit2.o(.ARM.Collect$$libinit$$0000000E)
    __rt_lib_init_lc_collate_1               0x00000157   Thumb Code     0  libinit2.o(.ARM.Collect$$libinit$$00000011)
    __rt_lib_init_lc_ctype_2                 0x00000157   Thumb Code     0  libinit2.o(.ARM.Collect$$libinit$$00000012)
    __rt_lib_init_alloca_1                   0x00000163   Thumb Code     0  libinit2.o(.ARM.Collect$$libinit$$0000002E)
    __rt_lib_init_argv_1                     0x00000163   Thumb Code     0  libinit2.o(.ARM.Collect$$libinit$$0000002C)
    __rt_lib_init_atexit_1                   0x00000163   Thumb Code     0  libinit2.o(.ARM.Collect$$libinit$$0000001B)
    __rt_lib_init_clock_1                    0x00000163   Thumb Code     0  libinit2.o(.ARM.Collect$$libinit$$00000021)
    __rt_lib_init_cpp_1                      0x00000163   Thumb Code     0  libinit2.o(.ARM.Collect$$libinit$$00000032)
    __rt_lib_init_exceptions_1               0x00000163   Thumb Code     0  libinit2.o(.ARM.Collect$$libinit$$00000030)
    __rt_lib_init_fp_trap_1                  0x00000163   Thumb Code     0  libinit2.o(.ARM.Collect$$libinit$$0000001F)
    __rt_lib_init_getenv_1                   0x00000163   Thumb Code     0  libinit2.o(.ARM.Collect$$libinit$$00000023)
    __rt_lib_init_lc_ctype_1                 0x00000163   Thumb Code     0  libinit2.o(.ARM.Collect$$libinit$$00000013)
    __rt_lib_init_lc_monetary_1              0x00000163   Thumb Code     0  libinit2.o(.ARM.Collect$$libinit$$00000015)
    __rt_lib_init_lc_numeric_1               0x00000163   Thumb Code     0  libinit2.o(.ARM.Collect$$libinit$$00000017)
    __rt_lib_init_lc_time_1                  0x00000163   Thumb Code     0  libinit2.o(.ARM.Collect$$libinit$$00000019)
    __rt_lib_init_return                     0x00000163   Thumb Code     0  libinit2.o(.ARM.Collect$$libinit$$00000033)
    __rt_lib_init_signal_1                   0x00000163   Thumb Code     0  libinit2.o(.ARM.Collect$$libinit$$0000001D)
    __rt_lib_init_stdio_1                    0x00000163   Thumb Code     0  libinit2.o(.ARM.Collect$$libinit$$00000025)
    __rt_lib_shutdown                        0x00000165   Thumb Code     0  libshutdown.o(.ARM.Collect$$libshutdown$$00000000)
    __rt_lib_shutdown_cpp_1                  0x00000167   Thumb Code     0  libshutdown2.o(.ARM.Collect$$libshutdown$$00000004)
    __rt_lib_shutdown_fini_1                 0x00000167   Thumb Code     0  libshutdown2.o(.ARM.Collect$$libshutdown$$00000002)
    __rt_lib_shutdown_fp_trap_1              0x00000167   Thumb Code     0  libshutdown2.o(.ARM.Collect$$libshutdown$$00000009)
    __rt_lib_shutdown_heap_1                 0x00000167   Thumb Code     0  libshutdown2.o(.ARM.Collect$$libshutdown$$00000011)
    __rt_lib_shutdown_return                 0x00000167   Thumb Code     0  libshutdown2.o(.ARM.Collect$$libshutdown$$00000012)
    __rt_lib_shutdown_signal_1               0x00000167   Thumb Code     0  libshutdown2.o(.ARM.Collect$$libshutdown$$0000000C)
    __rt_lib_shutdown_stdio_1                0x00000167   Thumb Code     0  libshutdown2.o(.ARM.Collect$$libshutdown$$00000006)
    __rt_lib_shutdown_user_alloc_1           0x00000167   Thumb Code     0  libshutdown2.o(.ARM.Collect$$libshutdown$$0000000E)
    __rt_entry                               0x00000169   Thumb Code     0  __rtentry.o(.ARM.Collect$$rtentry$$00000000)
    __rt_entry_presh_1                       0x00000169   Thumb Code     0  __rtentry2.o(.ARM.Collect$$rtentry$$00000002)
    __rt_entry_sh                            0x00000169   Thumb Code     0  __rtentry4.o(.ARM.Collect$$rtentry$$00000004)
    __rt_entry_li                            0x0000016f   Thumb Code     0  __rtentry2.o(.ARM.Collect$$rtentry$$0000000A)
    __rt_entry_postsh_1                      0x0000016f   Thumb Code     0  __rtentry2.o(.ARM.Collect$$rtentry$$00000009)
    __rt_entry_main                          0x00000173   Thumb Code     0  __rtentry2.o(.ARM.Collect$$rtentry$$0000000D)
    __rt_entry_postli_1                      0x00000173   Thumb Code     0  __rtentry2.o(.ARM.Collect$$rtentry$$0000000C)
    __rt_exit                                0x0000017b   Thumb Code     0  rtexit.o(.ARM.Collect$$rtexit$$00000000)
    __rt_exit_ls                             0x0000017d   Thumb Code     0  rtexit2.o(.ARM.Collect$$rtexit$$00000003)
    __rt_exit_prels_1                        0x0000017d   Thumb Code     0  rtexit2.o(.ARM.Collect$$rtexit$$00000002)
    __rt_exit_exit                           0x00000181   Thumb Code     0  rtexit2.o(.ARM.Collect$$rtexit$$00000004)
    rand                                     0x00000189   Thumb Code    48  rand.o(.emb_text)
    Reset_Handler                            0x000001bd   Thumb Code     8  startup_lpc17xx.o(.text)
    NMI_Handler                              0x000001c5   Thumb Code     2  startup_lpc17xx.o(.text)
    HardFault_Handler                        0x000001c7   Thumb Code     2  startup_lpc17xx.o(.text)
    MemManage_Handler                        0x000001c9   Thumb Code     2  startup_lpc17xx.o(.text)
    BusFault_Handler                         0x000001cb   Thumb Code     2  startup_lpc17xx.o(.text)
    UsageFault_Handler                       0x000001cd   Thumb Code     2  startup_lpc17xx.o(.text)
    SVC_Handler                              0x000001cf   Thumb Code     2  startup_lpc17xx.o(.text)
    DebugMon_Handler                         0x000001d1   Thumb Code     2  startup_lpc17xx.o(.text)
    PendSV_Handler                           0x000001d3   Thumb Code     2  startup_lpc17xx.o(.text)
    SysTick_Handler                          0x000001d5   Thumb Code     2  startup_lpc17xx.o(.text)
    ADC_IRQHandler                           0x000001d7   Thumb Code     0  startup_lpc17xx.o(.text)
    BOD_IRQHandler                           0x000001d7   Thumb Code     0  startup_lpc17xx.o(.text)
    CANActivity_IRQHandler                   0x000001d7   Thumb Code     0  startup_lpc17xx.o(.text)
    CAN_IRQHandler                           0x000001d7   Thumb Code     0  startup_lpc17xx.o(.text)
    DMA_IRQHandler                           0x000001d7   Thumb Code     0  startup_lpc17xx.o(.text)
    EINT0_IRQHandler                         0x000001d7   Thumb Code     0  startup_lpc17xx.o(.text)
    EINT1_IRQHandler                         0x000001d7   Thumb Code     0  startup_lpc17xx.o(.text)
    EINT2_IRQHandler                         0x000001d7   Thumb Code     0  startup_lpc17xx.o(.text)
    EINT3_IRQHandler                         0x000001d7   Thumb Code     0  startup_lpc17xx.o(.text)
    ENET_IRQHandler                          0x000001d7   Thumb Code     0  startup_lpc17xx.o(.text)
    I2C0_IRQHandler                          0x000001d7   Thumb Code     0  startup_lpc17xx.o(.text)
    I2C1_IRQHandler                          0x000001d7   Thumb Code     0  startup_lpc17xx.o(.text)
    I2C2_IRQHandler                          0x000001d7   Thumb Code     0  startup_lpc17xx.o(.text)
    I2S_IRQHandler                           0x000001d7   Thumb Code     0  startup_lpc17xx.o(.text)
    MCPWM_IRQHandler                         0x000001d7   Thumb Code     0  startup_lpc17xx.o(.text)
    PLL0_IRQHandler                          0x000001d7   Thumb Code     0  startup_lpc17xx.o(.text)
    PLL1_IRQHandler                          0x000001d7   Thumb Code     0  startup_lpc17xx.o(.text)
    PWM1_IRQHandler                          0x000001d7   Thumb Code     0  startup_lpc17xx.o(.text)
    QEI_IRQHandler                           0x000001d7   Thumb Code     0  startup_lpc17xx.o(.text)
    RIT_IRQHandler                           0x000001d7   Thumb Code     0  startup_lpc17xx.o(.text)
    RTC_IRQHandler                           0x000001d7   Thumb Code     0  startup_lpc17xx.o(.text)
    SPI_IRQHandler                           0x000001d7   Thumb Code     0  startup_lpc17xx.o(.text)
    SSP0_IRQHandler                          0x000001d7   Thumb Code     0  startup_lpc17xx.o(.text)
    SSP1_IRQHandler                          0x000001d7   Thumb Code     0  startup_lpc17xx.o(.text)
    TIMER2_IRQHandler                        0x000001d7   Thumb Code     0  startup_lpc17xx.o(.text)
    TIMER3_IRQHandler                        0x000001d7   Thumb Code     0  startup_lpc17xx.o(.text)
    UART0_IRQHandler                         0x000001d7   Thumb Code     0  startup_lpc17xx.o(.text)
    UART1_IRQHandler                         0x000001d7   Thumb Code     0  startup_lpc17xx.o(.text)
    UART2_IRQHandler                         0x000001d7   Thumb Code     0  startup_lpc17xx.o(.text)
    UART3_IRQHandler                         0x000001d7   Thumb Code     0  startup_lpc17xx.o(.text)
    USBActivity_IRQHandler                   0x000001d7   Thumb Code     0  startup_lpc17xx.o(.text)
    USB_IRQHandler                           0x000001d7   Thumb Code     0  startup_lpc17xx.o(.text)
    WDT_IRQHandler                           0x000001d7   Thumb Code     0  startup_lpc17xx.o(.text)
    __user_initial_stackheap                 0x000001d9   Thumb Code     0  startup_lpc17xx.o(.text)
    PINSEL_ConfigTraceFunc                   0x0000029f   Thumb Code    34  lpc17xx_pinsel.o(.text)
    PINSEL_SetI2C0Pins                       0x000002c1   Thumb Code    16  lpc17xx_pinsel.o(.text)
    PINSEL_ConfigPin                         0x000002d1   Thumb Code    36  lpc17xx_pinsel.o(.text)
    __I$use$semihosting                      0x000002f9   Thumb Code     0  use_no_semi.o(.text)
    __use_no_semihosting_swi                 0x000002f9   Thumb Code     2  use_no_semi.o(.text)
    __I$use$fp                               0x000002fa   Number         0  usenofp.o(x$fpl$usenofp)
    __semihosting_library_function           0x000002fb   Thumb Code     0  indicate_semi.o(.text)
    SystemCoreClockUpdate                    0x00000301   Thumb Code   300  system_lpc17xx.o(.text)
    SystemInit                               0x0000042d   Thumb Code   308  system_lpc17xx.o(.text)
    CLKPWR_SetPCLKDiv                        0x00000581   Thumb Code    94  lpc17xx_clkpwr.o(.text)
    CLKPWR_GetPCLKSEL                        0x000005df   Thumb Code    34  lpc17xx_clkpwr.o(.text)
    CLKPWR_GetPCLK                           0x00000601   Thumb Code    58  lpc17xx_clkpwr.o(.text)
    CLKPWR_ConfigPPWR                        0x0000063b   Thumb Code    46  lpc17xx_clkpwr.o(.text)
    CLKPWR_Sleep                             0x00000669   Thumb Code    12  lpc17xx_clkpwr.o(.text)
    CLKPWR_DeepSleep                         0x00000675   Thumb Code    18  lpc17xx_clkpwr.o(.text)
    CLKPWR_PowerDown                         0x00000687   Thumb Code    18  lpc17xx_clkpwr.o(.text)
    CLKPWR_DeepPowerDown                     0x00000699   Thumb Code    18  lpc17xx_clkpwr.o(.text)
    GPIO_SetDir                              0x0000075d   Thumb Code    40  lpc17xx_gpio.o(.text)
    GPIO_SetValue                            0x00000785   Thumb Code    20  lpc17xx_gpio.o(.text)
    GPIO_ClearValue                          0x00000799   Thumb Code    20  lpc17xx_gpio.o(.text)
    GPIO_ReadValue                           0x000007ad   Thumb Code    22  lpc17xx_gpio.o(.text)
    GPIO_IntCmd                              0x000007c3   Thumb Code    60  lpc17xx_gpio.o(.text)
    GPIO_GetIntStatus                        0x000007ff   Thumb Code    86  lpc17xx_gpio.o(.text)
    GPIO_ClearInt                            0x00000855   Thumb Code    28  lpc17xx_gpio.o(.text)
    FIO_SetDir                               0x00000871   Thumb Code    20  lpc17xx_gpio.o(.text)
    FIO_SetValue                             0x00000885   Thumb Code    16  lpc17xx_gpio.o(.text)
    FIO_ClearValue                           0x00000895   Thumb Code    16  lpc17xx_gpio.o(.text)
    FIO_ReadValue                            0x000008a5   Thumb Code    12  lpc17xx_gpio.o(.text)
    FIO_IntCmd                               0x000008b1   Thumb Code    20  lpc17xx_gpio.o(.text)
    FIO_GetIntStatus                         0x000008c5   Thumb Code    20  lpc17xx_gpio.o(.text)
    FIO_ClearInt                             0x000008d9   Thumb Code    16  lpc17xx_gpio.o(.text)
    FIO_SetMask                              0x000008e9   Thumb Code    40  lpc17xx_gpio.o(.text)
    FIO_HalfWordSetDir                       0x00000911   Thumb Code    62  lpc17xx_gpio.o(.text)
    FIO_HalfWordSetMask                      0x0000094f   Thumb Code    62  lpc17xx_gpio.o(.text)
    FIO_HalfWordSetValue                     0x0000098d   Thumb Code    32  lpc17xx_gpio.o(.text)
    FIO_HalfWordClearValue                   0x000009ad   Thumb Code    32  lpc17xx_gpio.o(.text)
    FIO_HalfWordReadValue                    0x000009cd   Thumb Code    30  lpc17xx_gpio.o(.text)
    FIO_ByteSetDir                           0x000009eb   Thumb Code    50  lpc17xx_gpio.o(.text)
    FIO_ByteSetMask                          0x00000a1d   Thumb Code    66  lpc17xx_gpio.o(.text)
    FIO_ByteSetValue                         0x00000a5f   Thumb Code    34  lpc17xx_gpio.o(.text)
    FIO_ByteClearValue                       0x00000a81   Thumb Code    34  lpc17xx_gpio.o(.text)
    FIO_ByteReadValue                        0x00000aa3   Thumb Code    42  lpc17xx_gpio.o(.text)
    TIM_GetIntStatus                         0x00000b6f   Thumb Code    92  lpc17xx_timer.o(.text)
    TIM_GetIntCaptureStatus                  0x00000bcb   Thumb Code    94  lpc17xx_timer.o(.text)
    TIM_ClearIntPending                      0x00000c29   Thumb Code    80  lpc17xx_timer.o(.text)
    TIM_ClearIntCapturePending               0x00000c79   Thumb Code    82  lpc17xx_timer.o(.text)
    TIM_ConfigStructInit                     0x00000ccb   Thumb Code    22  lpc17xx_timer.o(.text)
    TIM_Init                                 0x00000ce1   Thumb Code   272  lpc17xx_timer.o(.text)
    TIM_DeInit                               0x00000df1   Thumb Code   112  lpc17xx_timer.o(.text)
    TIM_Cmd                                  0x00000e61   Thumb Code    66  lpc17xx_timer.o(.text)
    TIM_ResetCounter                         0x00000ea3   Thumb Code    58  lpc17xx_timer.o(.text)
    TIM_ConfigMatch                          0x00000edd   Thumb Code   330  lpc17xx_timer.o(.text)
    TIM_UpdateMatchValue                     0x00001027   Thumb Code    86  lpc17xx_timer.o(.text)
    TIM_ConfigCapture                        0x0000107d   Thumb Code   126  lpc17xx_timer.o(.text)
    TIM_GetCaptureValue                      0x000010fb   Thumb Code    74  lpc17xx_timer.o(.text)
    SSP_Init                                 0x000011d3   Thumb Code   100  lpc17xx_ssp.o(.text)
    SSP_DeInit                               0x00001237   Thumb Code    60  lpc17xx_ssp.o(.text)
    SSP_GetDataSize                          0x00001273   Thumb Code    34  lpc17xx_ssp.o(.text)
    SSP_ConfigStructInit                     0x00001295   Thumb Code    22  lpc17xx_ssp.o(.text)
    SSP_Cmd                                  0x000012ab   Thumb Code    68  lpc17xx_ssp.o(.text)
    SSP_LoopBackCmd                          0x000012ef   Thumb Code    68  lpc17xx_ssp.o(.text)
    SSP_SlaveOutputCmd                       0x00001333   Thumb Code    72  lpc17xx_ssp.o(.text)
    SSP_SendData                             0x0000137b   Thumb Code    36  lpc17xx_ssp.o(.text)
    SSP_ReceiveData                          0x0000139f   Thumb Code    34  lpc17xx_ssp.o(.text)
    SSP_ReadWrite                            0x000013c1   Thumb Code   630  lpc17xx_ssp.o(.text)
    SSP_GetStatus                            0x00001637   Thumb Code    80  lpc17xx_ssp.o(.text)
    SSP_IntConfig                            0x00001687   Thumb Code    58  lpc17xx_ssp.o(.text)
    SSP_GetRawIntStatus                      0x000016c1   Thumb Code    76  lpc17xx_ssp.o(.text)
    SSP_GetRawIntStatusReg                   0x0000170d   Thumb Code    34  lpc17xx_ssp.o(.text)
    SSP_GetIntStatus                         0x0000172f   Thumb Code    76  lpc17xx_ssp.o(.text)
    SSP_ClearIntPending                      0x0000177b   Thumb Code    58  lpc17xx_ssp.o(.text)
    SSP_DMACmd                               0x000017b5   Thumb Code   100  lpc17xx_ssp.o(.text)
    I2C_Init                                 0x00001937   Thumb Code   126  lpc17xx_i2c.o(.text)
    I2C_DeInit                               0x000019b5   Thumb Code    90  lpc17xx_i2c.o(.text)
    I2C_Cmd                                  0x00001a0f   Thumb Code    70  lpc17xx_i2c.o(.text)
    I2C_IntCmd                               0x00001a55   Thumb Code    92  lpc17xx_i2c.o(.text)
    I2C_MasterHandler                        0x00001ab1   Thumb Code   596  lpc17xx_i2c.o(.text)
    I2C_SlaveHandler                         0x00001d05   Thumb Code   288  lpc17xx_i2c.o(.text)
    I2C_MasterTransferData                   0x00001e25   Thumb Code   500  lpc17xx_i2c.o(.text)
    I2C_SlaveTransferData                    0x00002019   Thumb Code   362  lpc17xx_i2c.o(.text)
    I2C_SetOwnSlaveAddr                      0x00002183   Thumb Code   176  lpc17xx_i2c.o(.text)
    I2C_MonitorModeConfig                    0x00002233   Thumb Code    92  lpc17xx_i2c.o(.text)
    I2C_MonitorModeCmd                       0x0000228f   Thumb Code   100  lpc17xx_i2c.o(.text)
    I2C_MonitorGetDatabuffer                 0x000022f3   Thumb Code    42  lpc17xx_i2c.o(.text)
    I2C_MonitorHandler                       0x0000231d   Thumb Code    40  lpc17xx_i2c.o(.text)
    I2C_MasterTransferComplete               0x00002345   Thumb Code    30  lpc17xx_i2c.o(.text)
    I2C_SlaveTransferComplete                0x00002363   Thumb Code    30  lpc17xx_i2c.o(.text)
    pin_Configuration                        0x000023c9   Thumb Code    80  main.o(.text)
    main                                     0x00002419   Thumb Code   112  main.o(.text)
    check_failed                             0x00002489   Thumb Code     4  main.o(.text)
    rw_data_prepare                          0x000024db   Thumb Code    10  ili_lcd_general.o(.text)
    write_data                               0x000024e5   Thumb Code    50  ili_lcd_general.o(.text)
    lcd_getdeviceid                          0x00002517   Thumb Code     6  ili_lcd_general.o(.text)
    BGR2RGB                                  0x0000251d   Thumb Code    26  ili_lcd_general.o(.text)
    lcd_SetCursor                            0x00002537   Thumb Code    52  ili_lcd_general.o(.text)
    lcd_read_gram                            0x0000256b   Thumb Code    34  ili_lcd_general.o(.text)
    lcd_clear                                0x0000258d   Thumb Code    38  ili_lcd_general.o(.text)
    lcd_data_bus_test                        0x000025b3   Thumb Code    74  ili_lcd_general.o(.text)
    lcd_gram_test                            0x000025fd   Thumb Code   218  ili_lcd_general.o(.text)
    lcd_Initialization                       0x000026d7   Thumb Code  2262  ili_lcd_general.o(.text)
    LCD_write_english                        0x00002fb1   Thumb Code   118  lcd_api.o(.text)
    LCD_write_english_string                 0x00003027   Thumb Code    52  lcd_api.o(.text)
    dessiner_ligne                           0x00003061   Thumb Code   110  affichagelcd.o(.text)
    dessiner_rect                            0x000030cf   Thumb Code   128  affichagelcd.o(.text)
    SPI_WriteByte                            0x00003151   Thumb Code    42  touch_panel.o(.text)
    spi1_init                                0x0000317b   Thumb Code   106  touch_panel.o(.text)
    touch_init                               0x000031e5   Thumb Code   122  touch_panel.o(.text)
    touch_debug                              0x0000325f   Thumb Code   394  touch_panel.o(.text)
    touch_read                               0x000033e9   Thumb Code   284  touch_panel.o(.text)
    drawMiddleLine                           0x00003529   Thumb Code    42  pong.o(.text)
    gameOver                                 0x00003553   Thumb Code    28  pong.o(.text)
    writeScore                               0x0000356f   Thumb Code    74  pong.o(.text)
    readScore                                0x000035b9   Thumb Code   104  pong.o(.text)
    computeTilt                              0x00003621   Thumb Code    72  pong.o(.text)
    compute_angle                            0x00003669   Thumb Code    16  pong.o(.text)
    reinitBall                               0x00003679   Thumb Code   112  pong.o(.text)
    movePlayer                               0x000036e9   Thumb Code   172  pong.o(.text)
    computeMovement                          0x00003795   Thumb Code   136  pong.o(.text)
    writeScoreInMemory                       0x0000381d   Thumb Code    52  pong.o(.text)
    initGame                                 0x00003851   Thumb Code   332  pong.o(.text)
    moveBall                                 0x0000399d   Thumb Code   940  pong.o(.text)
    computeTrajectory                        0x00003d49   Thumb Code   720  pong.o(.text)
    runGame                                  0x00004019   Thumb Code    84  pong.o(.text)
    TIMER0_IRQHandler                        0x000040a1   Thumb Code    20  timer0.o(.text)
    timer0_setup                             0x000040b5   Thumb Code    78  timer0.o(.text)
    TIMER1_IRQHandler                        0x00004109   Thumb Code    18  timer1.o(.text)
    timer1_setup                             0x0000411b   Thumb Code    70  timer1.o(.text)
    init_i2c_eeprom                          0x0000416d   Thumb Code    20  memory.o(.text)
    i2c_eeprom_write                         0x00004181   Thumb Code    92  memory.o(.text)
    i2c_eeprom_read                          0x000041dd   Thumb Code    56  memory.o(.text)
    __aeabi_uldivmod                         0x0000421d   Thumb Code     0  lludivv7m.o(.text)
    _ll_udiv                                 0x0000421d   Thumb Code   238  lludivv7m.o(.text)
    __2sprintf                               0x0000430d   Thumb Code    34  noretval__2sprintf.o(.text)
    __2snprintf                              0x00004335   Thumb Code    48  noretval__2snprintf.o(.text)
    _printf_pre_padding                      0x00004369   Thumb Code    44  _printf_pad.o(.text)
    _printf_post_padding                     0x00004395   Thumb Code    34  _printf_pad.o(.text)
    _printf_int_dec                          0x000043b9   Thumb Code   104  _printf_dec.o(.text)
    __printf                                 0x00004431   Thumb Code   308  __printf_flags_wp.o(.text)
    __0sscanf                                0x00004569   Thumb Code    52  __0sscanf.o(.text)
    _scanf_int                               0x000045a5   Thumb Code   332  _scanf_int.o(.text)
    srand                                    0x000046f1   Thumb Code    42  rand.o(.text)
    _rand_init                               0x0000471b   Thumb Code     4  rand.o(.text)
    __use_two_region_memory                  0x0000472d   Thumb Code     2  heapauxi.o(.text)
    __rt_heap_escrow$2region                 0x0000472f   Thumb Code     2  heapauxi.o(.text)
    __rt_heap_expand$2region                 0x00004731   Thumb Code     2  heapauxi.o(.text)
    __read_errno                             0x00004733   Thumb Code    10  _rserrno.o(.text)
    __set_errno                              0x0000473d   Thumb Code    12  _rserrno.o(.text)
    _printf_int_common                       0x00004749   Thumb Code   178  _printf_intcommon.o(.text)
    _printf_char_common                      0x00004807   Thumb Code    32  _printf_char_common.o(.text)
    _sputc                                   0x0000482d   Thumb Code    10  _sputc.o(.text)
    _snputc                                  0x00004837   Thumb Code    16  _snputc.o(.text)
    _chval                                   0x00004847   Thumb Code    28  _chval.o(.text)
    __vfscanf_char                           0x00004871   Thumb Code    24  scanf_char.o(.text)
    _sgetc                                   0x00004891   Thumb Code    30  _sgetc.o(.text)
    _sbackspace                              0x000048af   Thumb Code    34  _sgetc.o(.text)
    __aeabi_errno_addr                       0x000048d1   Thumb Code     8  rt_errno_addr_intlibspace.o(.text)
    __errno$intlibspace                      0x000048d1   Thumb Code     0  rt_errno_addr_intlibspace.o(.text)
    __rt_errno_addr$intlibspace              0x000048d1   Thumb Code     0  rt_errno_addr_intlibspace.o(.text)
    isspace                                  0x000048d9   Thumb Code    18  isspace.o(.text)
    __vfscanf                                0x000048ed   Thumb Code   880  _scanf.o(.text)
    __user_libspace                          0x00004c61   Thumb Code     8  libspace.o(.text)
    __user_perproc_libspace                  0x00004c61   Thumb Code     0  libspace.o(.text)
    __user_perthread_libspace                0x00004c61   Thumb Code     0  libspace.o(.text)
    __user_setup_stackheap                   0x00004c69   Thumb Code    74  sys_stackheap_outer.o(.text)
    __rt_ctype_table                         0x00004cb5   Thumb Code    16  rt_ctype_table.o(.text)
    exit                                     0x00004cc5   Thumb Code    18  exit.o(.text)
    __rt_locale                              0x00004cd9   Thumb Code     8  rt_locale_intlibspace.o(.text)
    _sys_exit                                0x00004ce1   Thumb Code     8  sys_exit.o(.text)
    strcmp                                   0x00004ced   Thumb Code   128  strcmpv7m.o(.text)
    __ARM_fpclassify                         0x00004d6d   Thumb Code    40  fpclassify.o(i.__ARM_fpclassify)
    __ieee754_rem_pio2                       0x00004d95   Thumb Code   828  rred.o(i.__ieee754_rem_pio2)
    __kernel_cos                             0x0000511d   Thumb Code   230  cos_i.o(i.__kernel_cos)
    __kernel_poly                            0x00005219   Thumb Code   170  poly.o(i.__kernel_poly)
    __kernel_sin                             0x000052c5   Thumb Code   224  sin_i.o(i.__kernel_sin)
    __mathlib_dbl_divzero                    0x000053b1   Thumb Code    12  dunder.o(i.__mathlib_dbl_divzero)
    __mathlib_dbl_infnan                     0x000053c1   Thumb Code     6  dunder.o(i.__mathlib_dbl_infnan)
    __mathlib_dbl_infnan2                    0x000053c7   Thumb Code     4  dunder.o(i.__mathlib_dbl_infnan2)
    __mathlib_dbl_invalid                    0x000053cb   Thumb Code    12  dunder.o(i.__mathlib_dbl_invalid)
    __mathlib_dbl_overflow                   0x000053d7   Thumb Code    14  dunder.o(i.__mathlib_dbl_overflow)
    __mathlib_dbl_underflow                  0x000053e5   Thumb Code    10  dunder.o(i.__mathlib_dbl_underflow)
    _is_digit                                0x000053f5   Thumb Code    14  __printf_wp.o(i._is_digit)
    ceil                                     0x00005405   Thumb Code   204  ceil.o(i.ceil)
    cos                                      0x000054e1   Thumb Code   148  cos.o(i.cos)
    lcd_send                                 0x0000557d   Thumb Code    40  ili_lcd_general.o(i.lcd_send)
    pow                                      0x000055a9   Thumb Code  2512  pow.o(i.pow)
    read_data                                0x00005f81   Thumb Code   114  ili_lcd_general.o(i.read_data)
    sin                                      0x00005ff9   Thumb Code   150  sin.o(i.sin)
    sqrt                                     0x00006099   Thumb Code    76  sqrt.o(i.sqrt)
    wait_delay                               0x000060e5   Thumb Code    18  ili_lcd_general.o(i.wait_delay)
    write_cmd                                0x000060f9   Thumb Code    60  ili_lcd_general.o(i.write_cmd)
    write_reg                                0x00006139   Thumb Code    20  ili_lcd_general.o(i.write_reg)
    _get_lc_ctype                            0x0000614d   Thumb Code    44  lc_ctype_c.o(locale$$code)
    __aeabi_dadd                             0x00006179   Thumb Code     0  daddsub_clz.o(x$fpl$dadd)
    _dadd                                    0x00006179   Thumb Code   332  daddsub_clz.o(x$fpl$dadd)
    __fpl_dcheck_NaN1                        0x000062c9   Thumb Code    10  dcheck1.o(x$fpl$dcheck1)
    __fpl_dcmp_Inf                           0x000062d9   Thumb Code    24  dcmpi.o(x$fpl$dcmpinf)
    __aeabi_ddiv                             0x000062f1   Thumb Code     0  ddiv.o(x$fpl$ddiv)
    _ddiv                                    0x000062f1   Thumb Code   552  ddiv.o(x$fpl$ddiv)
    __aeabi_d2iz                             0x000065a1   Thumb Code     0  dfix.o(x$fpl$dfix)
    _dfix                                    0x000065a1   Thumb Code    94  dfix.o(x$fpl$dfix)
    __aeabi_i2d                              0x000065ff   Thumb Code     0  dflt_clz.o(x$fpl$dflt)
    _dflt                                    0x000065ff   Thumb Code    46  dflt_clz.o(x$fpl$dflt)
    __aeabi_ui2d                             0x0000662d   Thumb Code     0  dflt_clz.o(x$fpl$dfltu)
    _dfltu                                   0x0000662d   Thumb Code    38  dflt_clz.o(x$fpl$dfltu)
    __aeabi_cdcmple                          0x00006655   Thumb Code     0  dleqf.o(x$fpl$dleqf)
    _dcmple                                  0x00006655   Thumb Code   120  dleqf.o(x$fpl$dleqf)
    __fpl_dcmple_InfNaN                      0x000066b7   Thumb Code     0  dleqf.o(x$fpl$dleqf)
    __aeabi_dmul                             0x000066cd   Thumb Code     0  dmul.o(x$fpl$dmul)
    _dmul                                    0x000066cd   Thumb Code   332  dmul.o(x$fpl$dmul)
    __fpl_dnaninf                            0x00006821   Thumb Code   156  dnaninf.o(x$fpl$dnaninf)
    __fpl_dretinf                            0x000068bd   Thumb Code    12  dretinf.o(x$fpl$dretinf)
    __aeabi_cdrcmple                         0x000068c9   Thumb Code     0  drleqf.o(x$fpl$drleqf)
    _drcmple                                 0x000068c9   Thumb Code   108  drleqf.o(x$fpl$drleqf)
    __aeabi_drsub                            0x00006935   Thumb Code     0  daddsub_clz.o(x$fpl$drsb)
    _drsb                                    0x00006935   Thumb Code    22  daddsub_clz.o(x$fpl$drsb)
    _dsqrt                                   0x0000694d   Thumb Code   456  dsqrt_noumaal.o(x$fpl$dsqrt)
    __aeabi_dsub                             0x00006b19   Thumb Code     0  daddsub_clz.o(x$fpl$dsub)
    _dsub                                    0x00006b19   Thumb Code   464  daddsub_clz.o(x$fpl$dsub)
    __fpl_return_NaN                         0x00006ced   Thumb Code   100  retnan.o(x$fpl$retnan)
    __ARM_scalbn                             0x00006d51   Thumb Code    92  scalbn.o(x$fpl$scalbn)
    __fpl_cmpreturn                          0x00006dad   Thumb Code    48  trapv.o(x$fpl$trapveneer)
    english                                  0x00006ddc   Data        1520  english_16x8.o(.constdata)
    __mathlib_zero                           0x00007498   Data           8  qnan.o(.constdata)
    Region$$Table$$Base                      0x00007590   Number         0  anon$$obj.o(Region$$Table)
    Region$$Table$$Limit                     0x000075b0   Number         0  anon$$obj.o(Region$$Table)
    __ctype                                  0x000075bd   Data           0  lc_ctype_c.o(locale$$data)
    SystemCoreClock                          0x10000000   Data           4  system_lpc17xx.o(.data)
    touch_x                                  0x10000008   Data           2  main.o(.data)
    touch_y                                  0x1000000a   Data           2  main.o(.data)
    xBallPosition                            0x1000000c   Data           4  main.o(.data)
    yBallPosition                            0x10000010   Data           4  main.o(.data)
    trajectoire                              0x10000014   Data           4  main.o(.data)
    angle                                    0x10000018   Data           4  main.o(.data)
    waitChangeXBallPosition                  0x1000001c   Data           4  main.o(.data)
    goToLeft                                 0x10000020   Data           1  main.o(.data)
    playerLeft_score                         0x10000024   Data           4  main.o(.data)
    playerLeft_x                             0x10000028   Data           4  main.o(.data)
    playerLeft_y                             0x1000002c   Data           4  main.o(.data)
    playerLeft_width                         0x10000030   Data           4  main.o(.data)
    playerLeft_height                        0x10000034   Data           4  main.o(.data)
    playerRight_score                        0x10000038   Data           4  main.o(.data)
    playerRight_x                            0x1000003c   Data           4  main.o(.data)
    playerRight_y                            0x10000040   Data           4  main.o(.data)
    playerRight_width                        0x10000044   Data           4  main.o(.data)
    playerRight_height                       0x10000048   Data           4  main.o(.data)
    scoreLeftString                          0x1000004c   Data           2  main.o(.data)
    scoreRightString                         0x1000004e   Data           2  main.o(.data)
    flag_new_score                           0x10000050   Data           4  main.o(.data)
    flag_move_ball                           0x10000054   Data           4  main.o(.data)
    flag_movement                            0x10000058   Data           4  main.o(.data)
    I2C_MasterComplete                       0x10000078   Data          12  lpc17xx_i2c.o(.bss)
    LCDSPI1Data                              0x10000090   Data          24  touch_panel.o(.bss)
    _random_number_data                      0x100000a8   Data         228  rand.o(.bss)
    __libspace_start                         0x1000018c   Data          96  libspace.o(.bss)
    __temporary_stack_top$libspace           0x100001ec   Data           0  libspace.o(.bss)



==============================================================================

Memory Map of the image

  Image Entry point : 0x000000cd

  Load Region LR_IROM1 (Base: 0x00000000, Size: 0x00007720, Max: 0x00080000, ABSOLUTE)

    Execution Region ER_IROM1 (Exec base: 0x00000000, Load base: 0x00000000, Size: 0x000076c0, Max: 0x00080000, ABSOLUTE)

    Exec Addr    Load Addr    Size         Type   Attr      Idx    E Section Name        Object

    0x00000000   0x00000000   0x000000cc   Data   RO            3    RESET               startup_lpc17xx.o
    0x000000cc   0x000000cc   0x00000008   Code   RO          569  * !!!main             c_w.l(__main.o)
    0x000000d4   0x000000d4   0x00000034   Code   RO          892    !!!scatter          c_w.l(__scatter.o)
    0x00000108   0x00000108   0x0000001a   Code   RO          894    !!handler_copy      c_w.l(__scatter_copy.o)
    0x00000122   0x00000122   0x00000002   PAD
    0x00000124   0x00000124   0x0000001c   Code   RO          896    !!handler_zi        c_w.l(__scatter_zi.o)
    0x00000140   0x00000140   0x00000000   Code   RO          557    .ARM.Collect$$_printf_percent$$00000000  c_w.l(_printf_percent.o)
    0x00000140   0x00000140   0x00000006   Code   RO          556    .ARM.Collect$$_printf_percent$$00000009  c_w.l(_printf_d.o)
    0x00000146   0x00000146   0x00000004   Code   RO          650    .ARM.Collect$$_printf_percent$$00000017  c_w.l(_printf_percent_end.o)
    0x0000014a   0x0000014a   0x00000002   Code   RO          802    .ARM.Collect$$libinit$$00000000  c_w.l(libinit.o)
    0x0000014c   0x0000014c   0x00000000   Code   RO          658    .ARM.Collect$$libinit$$00000002  c_w.l(libinit2.o)
    0x0000014c   0x0000014c   0x00000000   Code   RO          660    .ARM.Collect$$libinit$$00000004  c_w.l(libinit2.o)
    0x0000014c   0x0000014c   0x00000000   Code   RO          663    .ARM.Collect$$libinit$$0000000A  c_w.l(libinit2.o)
    0x0000014c   0x0000014c   0x00000000   Code   RO          665    .ARM.Collect$$libinit$$0000000C  c_w.l(libinit2.o)
    0x0000014c   0x0000014c   0x00000004   Code   RO          666    .ARM.Collect$$libinit$$0000000D  c_w.l(libinit2.o)
    0x00000150   0x00000150   0x00000000   Code   RO          667    .ARM.Collect$$libinit$$0000000E  c_w.l(libinit2.o)
    0x00000150   0x00000150   0x00000006   Code   RO          668    .ARM.Collect$$libinit$$0000000F  c_w.l(libinit2.o)
    0x00000156   0x00000156   0x00000000   Code   RO          670    .ARM.Collect$$libinit$$00000011  c_w.l(libinit2.o)
    0x00000156   0x00000156   0x0000000c   Code   RO          671    .ARM.Collect$$libinit$$00000012  c_w.l(libinit2.o)
    0x00000162   0x00000162   0x00000000   Code   RO          672    .ARM.Collect$$libinit$$00000013  c_w.l(libinit2.o)
    0x00000162   0x00000162   0x00000000   Code   RO          674    .ARM.Collect$$libinit$$00000015  c_w.l(libinit2.o)
    0x00000162   0x00000162   0x00000000   Code   RO          676    .ARM.Collect$$libinit$$00000017  c_w.l(libinit2.o)
    0x00000162   0x00000162   0x00000000   Code   RO          678    .ARM.Collect$$libinit$$00000019  c_w.l(libinit2.o)
    0x00000162   0x00000162   0x00000000   Code   RO          680    .ARM.Collect$$libinit$$0000001B  c_w.l(libinit2.o)
    0x00000162   0x00000162   0x00000000   Code   RO          682    .ARM.Collect$$libinit$$0000001D  c_w.l(libinit2.o)
    0x00000162   0x00000162   0x00000000   Code   RO          684    .ARM.Collect$$libinit$$0000001F  c_w.l(libinit2.o)
    0x00000162   0x00000162   0x00000000   Code   RO          686    .ARM.Collect$$libinit$$00000021  c_w.l(libinit2.o)
    0x00000162   0x00000162   0x00000000   Code   RO          688    .ARM.Collect$$libinit$$00000023  c_w.l(libinit2.o)
    0x00000162   0x00000162   0x00000000   Code   RO          690    .ARM.Collect$$libinit$$00000025  c_w.l(libinit2.o)
    0x00000162   0x00000162   0x00000000   Code   RO          694    .ARM.Collect$$libinit$$0000002C  c_w.l(libinit2.o)
    0x00000162   0x00000162   0x00000000   Code   RO          696    .ARM.Collect$$libinit$$0000002E  c_w.l(libinit2.o)
    0x00000162   0x00000162   0x00000000   Code   RO          698    .ARM.Collect$$libinit$$00000030  c_w.l(libinit2.o)
    0x00000162   0x00000162   0x00000000   Code   RO          700    .ARM.Collect$$libinit$$00000032  c_w.l(libinit2.o)
    0x00000162   0x00000162   0x00000002   Code   RO          701    .ARM.Collect$$libinit$$00000033  c_w.l(libinit2.o)
    0x00000164   0x00000164   0x00000002   Code   RO          857    .ARM.Collect$$libshutdown$$00000000  c_w.l(libshutdown.o)
    0x00000166   0x00000166   0x00000000   Code   RO          873    .ARM.Collect$$libshutdown$$00000002  c_w.l(libshutdown2.o)
    0x00000166   0x00000166   0x00000000   Code   RO          875    .ARM.Collect$$libshutdown$$00000004  c_w.l(libshutdown2.o)
    0x00000166   0x00000166   0x00000000   Code   RO          877    .ARM.Collect$$libshutdown$$00000006  c_w.l(libshutdown2.o)
    0x00000166   0x00000166   0x00000000   Code   RO          880    .ARM.Collect$$libshutdown$$00000009  c_w.l(libshutdown2.o)
    0x00000166   0x00000166   0x00000000   Code   RO          883    .ARM.Collect$$libshutdown$$0000000C  c_w.l(libshutdown2.o)
    0x00000166   0x00000166   0x00000000   Code   RO          885    .ARM.Collect$$libshutdown$$0000000E  c_w.l(libshutdown2.o)
    0x00000166   0x00000166   0x00000000   Code   RO          888    .ARM.Collect$$libshutdown$$00000011  c_w.l(libshutdown2.o)
    0x00000166   0x00000166   0x00000002   Code   RO          889    .ARM.Collect$$libshutdown$$00000012  c_w.l(libshutdown2.o)
    0x00000168   0x00000168   0x00000000   Code   RO          635    .ARM.Collect$$rtentry$$00000000  c_w.l(__rtentry.o)
    0x00000168   0x00000168   0x00000000   Code   RO          747    .ARM.Collect$$rtentry$$00000002  c_w.l(__rtentry2.o)
    0x00000168   0x00000168   0x00000006   Code   RO          759    .ARM.Collect$$rtentry$$00000004  c_w.l(__rtentry4.o)
    0x0000016e   0x0000016e   0x00000000   Code   RO          749    .ARM.Collect$$rtentry$$00000009  c_w.l(__rtentry2.o)
    0x0000016e   0x0000016e   0x00000004   Code   RO          750    .ARM.Collect$$rtentry$$0000000A  c_w.l(__rtentry2.o)
    0x00000172   0x00000172   0x00000000   Code   RO          752    .ARM.Collect$$rtentry$$0000000C  c_w.l(__rtentry2.o)
    0x00000172   0x00000172   0x00000008   Code   RO          753    .ARM.Collect$$rtentry$$0000000D  c_w.l(__rtentry2.o)
    0x0000017a   0x0000017a   0x00000002   Code   RO          807    .ARM.Collect$$rtexit$$00000000  c_w.l(rtexit.o)
    0x0000017c   0x0000017c   0x00000000   Code   RO          837    .ARM.Collect$$rtexit$$00000002  c_w.l(rtexit2.o)
    0x0000017c   0x0000017c   0x00000004   Code   RO          838    .ARM.Collect$$rtexit$$00000003  c_w.l(rtexit2.o)
    0x00000180   0x00000180   0x00000006   Code   RO          839    .ARM.Collect$$rtexit$$00000004  c_w.l(rtexit2.o)
    0x00000186   0x00000186   0x00000002   PAD
    0x00000188   0x00000188   0x00000034   Code   RO          562    .emb_text           c_w.l(rand.o)
    0x000001bc   0x000001bc   0x0000003c   Code   RO            5    .text               startup_lpc17xx.o
    0x000001f8   0x000001f8   0x00000100   Code   RO          114    .text               lpc17xx_pinsel.o
    0x000002f8   0x000002f8   0x00000002   Code   RO          833    .text               c_w.l(use_no_semi.o)
    0x000002fa   0x000002fa   0x00000000   Code   RO          835    .text               c_w.l(indicate_semi.o)
    0x000002fa   0x000002fa   0x00000000   Code   RO          712    x$fpl$usenofp       fz_ws.l(usenofp.o)
    0x000002fa   0x000002fa   0x00000002   PAD
    0x000002fc   0x000002fc   0x00000004   Code   RO            4    .ARM.__at_0x02FC    startup_lpc17xx.o
    0x00000300   0x00000300   0x00000280   Code   RO           14    .text               system_lpc17xx.o
    0x00000580   0x00000580   0x00000140   Code   RO           59    .text               lpc17xx_clkpwr.o
    0x000006c0   0x000006c0   0x0000040c   Code   RO           92    .text               lpc17xx_gpio.o
    0x00000acc   0x00000acc   0x00000684   Code   RO          133    .text               lpc17xx_timer.o
    0x00001150   0x00001150   0x000006d0   Code   RO          190    .text               lpc17xx_ssp.o
    0x00001820   0x00001820   0x00000ba8   Code   RO          209    .text               lpc17xx_i2c.o
    0x000023c8   0x000023c8   0x000000d4   Code   RO          236    .text               main.o
    0x0000249c   0x0000249c   0x00000b14   Code   RO          303    .text               ili_lcd_general.o
    0x00002fb0   0x00002fb0   0x000000b0   Code   RO          364    .text               lcd_api.o
    0x00003060   0x00003060   0x000000ee   Code   RO          388    .text               affichagelcd.o
    0x0000314e   0x0000314e   0x00000002   PAD
    0x00003150   0x00003150   0x000003d8   Code   RO          413    .text               touch_panel.o
    0x00003528   0x00003528   0x00000b78   Code   RO          445    .text               pong.o
    0x000040a0   0x000040a0   0x00000068   Code   RO          464    .text               timer0.o
    0x00004108   0x00004108   0x00000064   Code   RO          487    .text               timer1.o
    0x0000416c   0x0000416c   0x000000b0   Code   RO          503    .text               memory.o
    0x0000421c   0x0000421c   0x000000ee   Code   RO          520    .text               c_w.l(lludivv7m.o)
    0x0000430a   0x0000430a   0x00000002   PAD
    0x0000430c   0x0000430c   0x00000028   Code   RO          526    .text               c_w.l(noretval__2sprintf.o)
    0x00004334   0x00004334   0x00000034   Code   RO          528    .text               c_w.l(noretval__2snprintf.o)
    0x00004368   0x00004368   0x0000004e   Code   RO          532    .text               c_w.l(_printf_pad.o)
    0x000043b6   0x000043b6   0x00000002   PAD
    0x000043b8   0x000043b8   0x00000078   Code   RO          534    .text               c_w.l(_printf_dec.o)
    0x00004430   0x00004430   0x00000138   Code   RO          548    .text               c_w.l(__printf_flags_wp.o)
    0x00004568   0x00004568   0x0000003c   Code   RO          558    .text               c_w.l(__0sscanf.o)
    0x000045a4   0x000045a4   0x0000014c   Code   RO          560    .text               c_w.l(_scanf_int.o)
    0x000046f0   0x000046f0   0x0000003c   Code   RO          563    .text               c_w.l(rand.o)
    0x0000472c   0x0000472c   0x00000006   Code   RO          567    .text               c_w.l(heapauxi.o)
    0x00004732   0x00004732   0x00000016   Code   RO          640    .text               c_w.l(_rserrno.o)
    0x00004748   0x00004748   0x000000b2   Code   RO          642    .text               c_w.l(_printf_intcommon.o)
    0x000047fa   0x000047fa   0x00000002   PAD
    0x000047fc   0x000047fc   0x00000030   Code   RO          644    .text               c_w.l(_printf_char_common.o)
    0x0000482c   0x0000482c   0x0000000a   Code   RO          646    .text               c_w.l(_sputc.o)
    0x00004836   0x00004836   0x00000010   Code   RO          648    .text               c_w.l(_snputc.o)
    0x00004846   0x00004846   0x0000001c   Code   RO          651    .text               c_w.l(_chval.o)
    0x00004862   0x00004862   0x00000002   PAD
    0x00004864   0x00004864   0x0000002c   Code   RO          653    .text               c_w.l(scanf_char.o)
    0x00004890   0x00004890   0x00000040   Code   RO          655    .text               c_w.l(_sgetc.o)
    0x000048d0   0x000048d0   0x00000008   Code   RO          766    .text               c_w.l(rt_errno_addr_intlibspace.o)
    0x000048d8   0x000048d8   0x00000012   Code   RO          768    .text               c_w.l(isspace.o)
    0x000048ea   0x000048ea   0x00000002   PAD
    0x000048ec   0x000048ec   0x00000374   Code   RO          772    .text               c_w.l(_scanf.o)
    0x00004c60   0x00004c60   0x00000008   Code   RO          780    .text               c_w.l(libspace.o)
    0x00004c68   0x00004c68   0x0000004a   Code   RO          783    .text               c_w.l(sys_stackheap_outer.o)
    0x00004cb2   0x00004cb2   0x00000002   PAD
    0x00004cb4   0x00004cb4   0x00000010   Code   RO          785    .text               c_w.l(rt_ctype_table.o)
    0x00004cc4   0x00004cc4   0x00000012   Code   RO          787    .text               c_w.l(exit.o)
    0x00004cd6   0x00004cd6   0x00000002   PAD
    0x00004cd8   0x00004cd8   0x00000008   Code   RO          814    .text               c_w.l(rt_locale_intlibspace.o)
    0x00004ce0   0x00004ce0   0x0000000c   Code   RO          831    .text               c_w.l(sys_exit.o)
    0x00004cec   0x00004cec   0x00000080   Code   RO          849    .text               c_w.l(strcmpv7m.o)
    0x00004d6c   0x00004d6c   0x00000028   Code   RO          730    i.__ARM_fpclassify  m_ws.l(fpclassify.o)
    0x00004d94   0x00004d94   0x00000388   Code   RO          735    i.__ieee754_rem_pio2  m_ws.l(rred.o)
    0x0000511c   0x0000511c   0x000000fc   Code   RO          713    i.__kernel_cos      m_ws.l(cos_i.o)
    0x00005218   0x00005218   0x000000aa   Code   RO          732    i.__kernel_poly     m_ws.l(poly.o)
    0x000052c2   0x000052c2   0x00000002   PAD
    0x000052c4   0x000052c4   0x000000ec   Code   RO          740    i.__kernel_sin      m_ws.l(sin_i.o)
    0x000053b0   0x000053b0   0x00000010   Code   RO          716    i.__mathlib_dbl_divzero  m_ws.l(dunder.o)
    0x000053c0   0x000053c0   0x00000006   Code   RO          717    i.__mathlib_dbl_infnan  m_ws.l(dunder.o)
    0x000053c6   0x000053c6   0x00000004   Code   RO          718    i.__mathlib_dbl_infnan2  m_ws.l(dunder.o)
    0x000053ca   0x000053ca   0x0000000c   Code   RO          719    i.__mathlib_dbl_invalid  m_ws.l(dunder.o)
    0x000053d6   0x000053d6   0x0000000e   Code   RO          720    i.__mathlib_dbl_overflow  m_ws.l(dunder.o)
    0x000053e4   0x000053e4   0x00000010   Code   RO          722    i.__mathlib_dbl_underflow  m_ws.l(dunder.o)
    0x000053f4   0x000053f4   0x0000000e   Code   RO          546    i._is_digit         c_w.l(__printf_wp.o)
    0x00005402   0x00005402   0x00000002   PAD
    0x00005404   0x00005404   0x000000dc   Code   RO          598    i.ceil              m_ws.l(ceil.o)
    0x000054e0   0x000054e0   0x0000009c   Code   RO          602    i.cos               m_ws.l(cos.o)
    0x0000557c   0x0000557c   0x0000002c   Code   RO          317    i.lcd_send          ili_lcd_general.o
    0x000055a8   0x000055a8   0x000009d8   Code   RO          610    i.pow               m_ws.l(pow.o)
    0x00005f80   0x00005f80   0x00000078   Code   RO          329    i.read_data         ili_lcd_general.o
    0x00005ff8   0x00005ff8   0x000000a0   Code   RO          620    i.sin               m_ws.l(sin.o)
    0x00006098   0x00006098   0x0000004c   Code   RO          628    i.sqrt              m_ws.l(sqrt.o)
    0x000060e4   0x000060e4   0x00000012   Code   RO          335    i.wait_delay        ili_lcd_general.o
    0x000060f6   0x000060f6   0x00000002   PAD
    0x000060f8   0x000060f8   0x00000040   Code   RO          323    i.write_cmd         ili_lcd_general.o
    0x00006138   0x00006138   0x00000014   Code   RO          340    i.write_reg         ili_lcd_general.o
    0x0000614c   0x0000614c   0x0000002c   Code   RO          819    locale$$code        c_w.l(lc_ctype_c.o)
    0x00006178   0x00006178   0x00000150   Code   RO          571    x$fpl$dadd          fz_ws.l(daddsub_clz.o)
    0x000062c8   0x000062c8   0x00000010   Code   RO          776    x$fpl$dcheck1       fz_ws.l(dcheck1.o)
    0x000062d8   0x000062d8   0x00000018   Code   RO          702    x$fpl$dcmpinf       fz_ws.l(dcmpi.o)
    0x000062f0   0x000062f0   0x000002b0   Code   RO          578    x$fpl$ddiv          fz_ws.l(ddiv.o)
    0x000065a0   0x000065a0   0x0000005e   Code   RO          581    x$fpl$dfix          fz_ws.l(dfix.o)
    0x000065fe   0x000065fe   0x0000002e   Code   RO          586    x$fpl$dflt          fz_ws.l(dflt_clz.o)
    0x0000662c   0x0000662c   0x00000026   Code   RO          585    x$fpl$dfltu         fz_ws.l(dflt_clz.o)
    0x00006652   0x00006652   0x00000002   PAD
    0x00006654   0x00006654   0x00000078   Code   RO          591    x$fpl$dleqf         fz_ws.l(dleqf.o)
    0x000066cc   0x000066cc   0x00000154   Code   RO          593    x$fpl$dmul          fz_ws.l(dmul.o)
    0x00006820   0x00006820   0x0000009c   Code   RO          704    x$fpl$dnaninf       fz_ws.l(dnaninf.o)
    0x000068bc   0x000068bc   0x0000000c   Code   RO          706    x$fpl$dretinf       fz_ws.l(dretinf.o)
    0x000068c8   0x000068c8   0x0000006c   Code   RO          595    x$fpl$drleqf        fz_ws.l(drleqf.o)
    0x00006934   0x00006934   0x00000016   Code   RO          572    x$fpl$drsb          fz_ws.l(daddsub_clz.o)
    0x0000694a   0x0000694a   0x00000002   PAD
    0x0000694c   0x0000694c   0x000001cc   Code   RO          708    x$fpl$dsqrt         fz_ws.l(dsqrt_noumaal.o)
    0x00006b18   0x00006b18   0x000001d4   Code   RO          573    x$fpl$dsub          fz_ws.l(daddsub_clz.o)
    0x00006cec   0x00006cec   0x00000064   Code   RO          803    x$fpl$retnan        fz_ws.l(retnan.o)
    0x00006d50   0x00006d50   0x0000005c   Code   RO          710    x$fpl$scalbn        fz_ws.l(scalbn.o)
    0x00006dac   0x00006dac   0x00000030   Code   RO          829    x$fpl$trapveneer    fz_ws.l(trapv.o)
    0x00006ddc   0x00006ddc   0x000005f0   Data   RO          380    .constdata          english_16x8.o
    0x000073cc   0x000073cc   0x00000011   Data   RO          549    .constdata          c_w.l(__printf_flags_wp.o)
    0x000073dd   0x000073dd   0x00000003   PAD
    0x000073e0   0x000073e0   0x00000088   Data   RO          611    .constdata          m_ws.l(pow.o)
    0x00007468   0x00007468   0x00000030   Data   RO          714    .constdata          m_ws.l(cos_i.o)
    0x00007498   0x00007498   0x00000008   Data   RO          734    .constdata          m_ws.l(qnan.o)
    0x000074a0   0x000074a0   0x000000c8   Data   RO          737    .constdata          m_ws.l(rred.o)
    0x00007568   0x00007568   0x00000028   Data   RO          741    .constdata          m_ws.l(sin_i.o)
    0x00007590   0x00007590   0x00000020   Data   RO          890    Region$$Table       anon$$obj.o
    0x000075b0   0x000075b0   0x00000110   Data   RO          818    locale$$data        c_w.l(lc_ctype_c.o)


    Execution Region RW_IRAM1 (Exec base: 0x10000000, Load base: 0x000076c0, Size: 0x000003f0, Max: 0x00008000, ABSOLUTE)

    Exec Addr    Load Addr    Size         Type   Attr      Idx    E Section Name        Object

    0x10000000   0x000076c0   0x00000004   Data   RW           15    .data               system_lpc17xx.o
    0x10000004   0x000076c4   0x00000004   Data   RW          211    .data               lpc17xx_i2c.o
    0x10000008   0x000076c8   0x00000054   Data   RW          238    .data               main.o
    0x1000005c   0x0000771c   0x00000002   Data   RW          304    .data               ili_lcd_general.o
    0x1000005e   0x0000771e   0x00000002   PAD
    0x10000060        -       0x00000030   Zero   RW          210    .bss                lpc17xx_i2c.o
    0x10000090        -       0x00000018   Zero   RW          414    .bss                touch_panel.o
    0x100000a8        -       0x000000e4   Zero   RW          564    .bss                c_w.l(rand.o)
    0x1000018c        -       0x00000060   Zero   RW          781    .bss                c_w.l(libspace.o)
    0x100001ec   0x0000771e   0x00000004   PAD
    0x100001f0        -       0x00000000   Zero   RW            2    HEAP                startup_lpc17xx.o
    0x100001f0        -       0x00000200   Zero   RW            1    STACK               startup_lpc17xx.o


==============================================================================

Image component sizes


      Code (inc. data)   RO Data    RW Data    ZI Data      Debug   Object Name

       238          0          0          0          0       1379   affichagelcd.o
         0          0       1520          0          0        462   english_16x8.o
      3102         32          0          2          0       8332   ili_lcd_general.o
       176          6          0          0          0       1257   lcd_api.o
       320         22          0          0          0      20431   lpc17xx_clkpwr.o
      1036         28          0          0          0      10567   lpc17xx_gpio.o
      2984        164          0          4         48      27795   lpc17xx_i2c.o
       256          4          0          0          0       4277   lpc17xx_pinsel.o
      1744         80          0          0          0      11776   lpc17xx_ssp.o
      1668         94          0          0          0       9391   lpc17xx_timer.o
       212         16          0         84          0       3688   main.o
       176          8          0          0          0       1667   memory.o
      2936        216          0          0          0       3074   pong.o
        64         26        204          0        512       1204   startup_lpc17xx.o
       640         32          0          4          0      22857   system_lpc17xx.o
       104          6          0          0          0      16168   timer0.o
       100         12          0          0          0        741   timer1.o
       984         36          0          0         24       2774   touch_panel.o

    ----------------------------------------------------------------------
     16744        782       1756         96        584     147840   Object Totals
         0          0         32          0          0          0   (incl. Generated)
         4          0          0          2          0          0   (incl. Padding)

    ----------------------------------------------------------------------

      Code (inc. data)   RO Data    RW Data    ZI Data      Debug   Library Member Name

        60          8          0          0          0         84   __0sscanf.o
         8          0          0          0          0         68   __main.o
       312          4         17          0          0         92   __printf_flags_wp.o
        14          0          0          0          0         68   __printf_wp.o
         0          0          0          0          0          0   __rtentry.o
        12          0          0          0          0          0   __rtentry2.o
         6          0          0          0          0          0   __rtentry4.o
        52          8          0          0          0          0   __scatter.o
        26          0          0          0          0          0   __scatter_copy.o
        28          0          0          0          0          0   __scatter_zi.o
        28          0          0          0          0         68   _chval.o
        48          6          0          0          0         96   _printf_char_common.o
         6          0          0          0          0          0   _printf_d.o
       120         16          0          0          0         92   _printf_dec.o
       178          0          0          0          0         88   _printf_intcommon.o
        78          0          0          0          0        108   _printf_pad.o
         0          0          0          0          0          0   _printf_percent.o
         4          0          0          0          0          0   _printf_percent_end.o
        22          0          0          0          0        100   _rserrno.o
       884          4          0          0          0        100   _scanf.o
       332          0          0          0          0         96   _scanf_int.o
        64          0          0          0          0         84   _sgetc.o
        16          0          0          0          0         68   _snputc.o
        10          0          0          0          0         68   _sputc.o
        18          0          0          0          0         80   exit.o
         6          0          0          0          0        152   heapauxi.o
         0          0          0          0          0          0   indicate_semi.o
        18          0          0          0          0         76   isspace.o
        44         10        272          0          0         76   lc_ctype_c.o
         2          0          0          0          0          0   libinit.o
        24          0          0          0          0          0   libinit2.o
         2          0          0          0          0          0   libshutdown.o
         2          0          0          0          0          0   libshutdown2.o
         8          4          0          0         96         68   libspace.o
       238          0          0          0          0        100   lludivv7m.o
        52          4          0          0          0         84   noretval__2snprintf.o
        40          6          0          0          0         84   noretval__2sprintf.o
       112         18          0          0        228        160   rand.o
        16          4          0          0          0         76   rt_ctype_table.o
         8          4          0          0          0         68   rt_errno_addr_intlibspace.o
         8          4          0          0          0         68   rt_locale_intlibspace.o
         2          0          0          0          0          0   rtexit.o
        10          0          0          0          0          0   rtexit2.o
        44          8          0          0          0         84   scanf_char.o
       128          0          0          0          0         68   strcmpv7m.o
        12          4          0          0          0         68   sys_exit.o
        74          0          0          0          0         80   sys_stackheap_outer.o
         2          0          0          0          0         68   use_no_semi.o
       826         16          0          0          0        348   daddsub_clz.o
        16          4          0          0          0         68   dcheck1.o
        24          0          0          0          0         68   dcmpi.o
       688        140          0          0          0        208   ddiv.o
        94          4          0          0          0         92   dfix.o
        84          0          0          0          0        136   dflt_clz.o
       120          4          0          0          0         92   dleqf.o
       340         12          0          0          0        104   dmul.o
       156          4          0          0          0         92   dnaninf.o
        12          0          0          0          0         68   dretinf.o
       108          0          0          0          0         80   drleqf.o
       460         56          0          0          0        120   dsqrt_noumaal.o
       100          0          0          0          0         68   retnan.o
        92          0          0          0          0         68   scalbn.o
        48          0          0          0          0         68   trapv.o
         0          0          0          0          0          0   usenofp.o
       220         16          0          0          0         84   ceil.o
       156          8          0          0          0        104   cos.o
       252         22         48          0          0        124   cos_i.o
        68         10          0          0          0        408   dunder.o
        40          0          0          0          0         68   fpclassify.o
       170          0          0          0          0         96   poly.o
      2520        190        136          0          0        324   pow.o
         0          0          8          0          0          0   qnan.o
       904         76        200          0          0        140   rred.o
       160         10          0          0          0        108   sin.o
       236         12         40          0          0        128   sin_i.o
        76          0          0          0          0         84   sqrt.o

    ----------------------------------------------------------------------
     11176        696        724          0        328       6088   Library Totals
        28          0          3          0          4          0   (incl. Padding)

    ----------------------------------------------------------------------

      Code (inc. data)   RO Data    RW Data    ZI Data      Debug   Library Name

      3178        112        289          0        324       2740   c_w.l
      3168        240          0          0          0       1680   fz_ws.l
      4802        344        432          0          0       1668   m_ws.l

    ----------------------------------------------------------------------
     11176        696        724          0        328       6088   Library Totals

    ----------------------------------------------------------------------

==============================================================================


      Code (inc. data)   RO Data    RW Data    ZI Data      Debug   

     27920       1478       2480         96        912     149348   Grand Totals
     27920       1478       2480         96        912     149348   ELF Image Totals
     27920       1478       2480         96          0          0   ROM Totals

==============================================================================

    Total RO  Size (Code + RO Data)                30400 (  29.69kB)
    Total RW  Size (RW Data + ZI Data)              1008 (   0.98kB)
    Total ROM Size (Code + RO Data + RW Data)      30496 (  29.78kB)

==============================================================================

